Archive member included to satisfy reference by file (symbol)

/Applications/STM32CubeIDE.app/Contents/Eclipse/plugins/com.st.stm32cube.ide.mcu.externaltools.gnu-tools-for-stm32.9-2020-q2-update.macos64_2.0.0.202105311346/tools/bin/../lib/gcc/arm-none-eabi/9.3.1/../../../../arm-none-eabi/lib/thumb/v6-m/nofp/libc_nano.a(lib_a-errno.o)
                              ./Core/Src/syscalls.o (__errno)
/Applications/STM32CubeIDE.app/Contents/Eclipse/plugins/com.st.stm32cube.ide.mcu.externaltools.gnu-tools-for-stm32.9-2020-q2-update.macos64_2.0.0.202105311346/tools/bin/../lib/gcc/arm-none-eabi/9.3.1/../../../../arm-none-eabi/lib/thumb/v6-m/nofp/libc_nano.a(lib_a-exit.o)
                              /Applications/STM32CubeIDE.app/Contents/Eclipse/plugins/com.st.stm32cube.ide.mcu.externaltools.gnu-tools-for-stm32.9-2020-q2-update.macos64_2.0.0.202105311346/tools/bin/../lib/gcc/arm-none-eabi/9.3.1/../../../../arm-none-eabi/lib/thumb/v6-m/nofp/crt0.o (exit)
/Applications/STM32CubeIDE.app/Contents/Eclipse/plugins/com.st.stm32cube.ide.mcu.externaltools.gnu-tools-for-stm32.9-2020-q2-update.macos64_2.0.0.202105311346/tools/bin/../lib/gcc/arm-none-eabi/9.3.1/../../../../arm-none-eabi/lib/thumb/v6-m/nofp/libc_nano.a(lib_a-impure.o)
                              /Applications/STM32CubeIDE.app/Contents/Eclipse/plugins/com.st.stm32cube.ide.mcu.externaltools.gnu-tools-for-stm32.9-2020-q2-update.macos64_2.0.0.202105311346/tools/bin/../lib/gcc/arm-none-eabi/9.3.1/../../../../arm-none-eabi/lib/thumb/v6-m/nofp/libc_nano.a(lib_a-exit.o) (_global_impure_ptr)
/Applications/STM32CubeIDE.app/Contents/Eclipse/plugins/com.st.stm32cube.ide.mcu.externaltools.gnu-tools-for-stm32.9-2020-q2-update.macos64_2.0.0.202105311346/tools/bin/../lib/gcc/arm-none-eabi/9.3.1/../../../../arm-none-eabi/lib/thumb/v6-m/nofp/libc_nano.a(lib_a-init.o)
                              /Applications/STM32CubeIDE.app/Contents/Eclipse/plugins/com.st.stm32cube.ide.mcu.externaltools.gnu-tools-for-stm32.9-2020-q2-update.macos64_2.0.0.202105311346/tools/bin/../lib/gcc/arm-none-eabi/9.3.1/../../../../arm-none-eabi/lib/thumb/v6-m/nofp/crt0.o (__libc_init_array)
/Applications/STM32CubeIDE.app/Contents/Eclipse/plugins/com.st.stm32cube.ide.mcu.externaltools.gnu-tools-for-stm32.9-2020-q2-update.macos64_2.0.0.202105311346/tools/bin/../lib/gcc/arm-none-eabi/9.3.1/../../../../arm-none-eabi/lib/thumb/v6-m/nofp/libc_nano.a(lib_a-memcpy-stub.o)
                              ./Core/Src/main.o (memcpy)
/Applications/STM32CubeIDE.app/Contents/Eclipse/plugins/com.st.stm32cube.ide.mcu.externaltools.gnu-tools-for-stm32.9-2020-q2-update.macos64_2.0.0.202105311346/tools/bin/../lib/gcc/arm-none-eabi/9.3.1/../../../../arm-none-eabi/lib/thumb/v6-m/nofp/libc_nano.a(lib_a-memset.o)
                              /Applications/STM32CubeIDE.app/Contents/Eclipse/plugins/com.st.stm32cube.ide.mcu.externaltools.gnu-tools-for-stm32.9-2020-q2-update.macos64_2.0.0.202105311346/tools/bin/../lib/gcc/arm-none-eabi/9.3.1/../../../../arm-none-eabi/lib/thumb/v6-m/nofp/crt0.o (memset)
/Applications/STM32CubeIDE.app/Contents/Eclipse/plugins/com.st.stm32cube.ide.mcu.externaltools.gnu-tools-for-stm32.9-2020-q2-update.macos64_2.0.0.202105311346/tools/bin/../lib/gcc/arm-none-eabi/9.3.1/../../../../arm-none-eabi/lib/thumb/v6-m/nofp/libc_nano.a(lib_a-printf.o)
                              ./Core/Src/ping.o (printf)
/Applications/STM32CubeIDE.app/Contents/Eclipse/plugins/com.st.stm32cube.ide.mcu.externaltools.gnu-tools-for-stm32.9-2020-q2-update.macos64_2.0.0.202105311346/tools/bin/../lib/gcc/arm-none-eabi/9.3.1/../../../../arm-none-eabi/lib/thumb/v6-m/nofp/libc_nano.a(lib_a-puts.o)
                              ./Core/Src/ping.o (puts)
/Applications/STM32CubeIDE.app/Contents/Eclipse/plugins/com.st.stm32cube.ide.mcu.externaltools.gnu-tools-for-stm32.9-2020-q2-update.macos64_2.0.0.202105311346/tools/bin/../lib/gcc/arm-none-eabi/9.3.1/../../../../arm-none-eabi/lib/thumb/v6-m/nofp/libc_nano.a(lib_a-wbuf.o)
                              /Applications/STM32CubeIDE.app/Contents/Eclipse/plugins/com.st.stm32cube.ide.mcu.externaltools.gnu-tools-for-stm32.9-2020-q2-update.macos64_2.0.0.202105311346/tools/bin/../lib/gcc/arm-none-eabi/9.3.1/../../../../arm-none-eabi/lib/thumb/v6-m/nofp/libc_nano.a(lib_a-puts.o) (__swbuf_r)
/Applications/STM32CubeIDE.app/Contents/Eclipse/plugins/com.st.stm32cube.ide.mcu.externaltools.gnu-tools-for-stm32.9-2020-q2-update.macos64_2.0.0.202105311346/tools/bin/../lib/gcc/arm-none-eabi/9.3.1/../../../../arm-none-eabi/lib/thumb/v6-m/nofp/libc_nano.a(lib_a-wsetup.o)
                              /Applications/STM32CubeIDE.app/Contents/Eclipse/plugins/com.st.stm32cube.ide.mcu.externaltools.gnu-tools-for-stm32.9-2020-q2-update.macos64_2.0.0.202105311346/tools/bin/../lib/gcc/arm-none-eabi/9.3.1/../../../../arm-none-eabi/lib/thumb/v6-m/nofp/libc_nano.a(lib_a-puts.o) (__swsetup_r)
[...]
Memory Configuration

Name             Origin             Length             Attributes
RAM              0x0000000020000000 0x0000000000004000 xrw
FLASH            0x0000000008000000 0x0000000000020000 xr
*default*        0x0000000000000000 0xffffffffffffffff

Linker script and memory map

LOAD /Applications/STM32CubeIDE.app/Contents/Eclipse/plugins/com.st.stm32cube.ide.mcu.externaltools.gnu-tools-for-stm32.9-2020-q2-update.macos64_2.0.0.202105311346/tools/bin/../lib/gcc/arm-none-eabi/9.3.1/thumb/v6-m/nofp/crti.o
LOAD /Applications/STM32CubeIDE.app/Contents/Eclipse/plugins/com.st.stm32cube.ide.mcu.externaltools.gnu-tools-for-stm32.9-2020-q2-update.macos64_2.0.0.202105311346/tools/bin/../lib/gcc/arm-none-eabi/9.3.1/thumb/v6-m/nofp/crtbegin.o
LOAD /Applications/STM32CubeIDE.app/Contents/Eclipse/plugins/com.st.stm32cube.ide.mcu.externaltools.gnu-tools-for-stm32.9-2020-q2-update.macos64_2.0.0.202105311346/tools/bin/../lib/gcc/arm-none-eabi/9.3.1/../../../../arm-none-eabi/lib/thumb/v6-m/nofp/crt0.o
LOAD ./Core/Src/main.o
LOAD ./Core/Src/ping.o
LOAD ./Core/Src/stm32f0xx_hal_msp.o
LOAD ./Core/Src/stm32f0xx_it.o
LOAD ./Core/Src/syscalls.o
LOAD ./Core/Src/sysmem.o
LOAD ./Core/Src/system_stm32f0xx.o
LOAD ./Core/Startup/startup_stm32f072rbtx.o
LOAD ./Drivers/STM32F0xx_HAL_Driver/Src/stm32f0xx_hal.o
LOAD ./Drivers/STM32F0xx_HAL_Driver/Src/stm32f0xx_hal_cortex.o
LOAD ./Drivers/STM32F0xx_HAL_Driver/Src/stm32f0xx_hal_dma.o
LOAD ./Drivers/STM32F0xx_HAL_Driver/Src/stm32f0xx_hal_exti.o
LOAD ./Drivers/STM32F0xx_HAL_Driver/Src/stm32f0xx_hal_flash.o
LOAD ./Drivers/STM32F0xx_HAL_Driver/Src/stm32f0xx_hal_flash_ex.o
LOAD ./Drivers/STM32F0xx_HAL_Driver/Src/stm32f0xx_hal_gpio.o
LOAD ./Drivers/STM32F0xx_HAL_Driver/Src/stm32f0xx_hal_i2c.o
LOAD ./Drivers/STM32F0xx_HAL_Driver/Src/stm32f0xx_hal_i2c_ex.o
LOAD ./Drivers/STM32F0xx_HAL_Driver/Src/stm32f0xx_hal_pwr.o
LOAD ./Drivers/STM32F0xx_HAL_Driver/Src/stm32f0xx_hal_pwr_ex.o
LOAD ./Drivers/STM32F0xx_HAL_Driver/Src/stm32f0xx_hal_rcc.o
LOAD ./Drivers/STM32F0xx_HAL_Driver/Src/stm32f0xx_hal_rcc_ex.o
LOAD ./Drivers/STM32F0xx_HAL_Driver/Src/stm32f0xx_hal_spi.o
LOAD ./Drivers/STM32F0xx_HAL_Driver/Src/stm32f0xx_hal_spi_ex.o
LOAD ./Drivers/STM32F0xx_HAL_Driver/Src/stm32f0xx_hal_tim.o
LOAD ./Drivers/STM32F0xx_HAL_Driver/Src/stm32f0xx_hal_tim_ex.o
LOAD ./Drivers/Wiznet_Driver/Ethernet/W5500/w5500.o
LOAD ./Drivers/Wiznet_Driver/Ethernet/socket.o
LOAD ./Drivers/Wiznet_Driver/Ethernet/wizchip_conf.o
START GROUP
LOAD /Applications/STM32CubeIDE.app/Contents/Eclipse/plugins/com.st.stm32cube.ide.mcu.externaltools.gnu-tools-for-stm32.9-2020-q2-update.macos64_2.0.0.202105311346/tools/bin/../lib/gcc/arm-none-eabi/9.3.1/../../../../arm-none-eabi/lib/thumb/v6-m/nofp/libc_nano.a
LOAD /Applications/STM32CubeIDE.app/Contents/Eclipse/plugins/com.st.stm32cube.ide.mcu.externaltools.gnu-tools-for-stm32.9-2020-q2-update.macos64_2.0.0.202105311346/tools/bin/../lib/gcc/arm-none-eabi/9.3.1/../../../../arm-none-eabi/lib/thumb/v6-m/nofp/libm.a
END GROUP
START GROUP
LOAD /Applications/STM32CubeIDE.app/Contents/Eclipse/plugins/com.st.stm32cube.ide.mcu.externaltools.gnu-tools-for-stm32.9-2020-q2-update.macos64_2.0.0.202105311346/tools/bin/../lib/gcc/arm-none-eabi/9.3.1/thumb/v6-m/nofp/libgcc.a
LOAD /Applications/STM32CubeIDE.app/Contents/Eclipse/plugins/com.st.stm32cube.ide.mcu.externaltools.gnu-tools-for-stm32.9-2020-q2-update.macos64_2.0.0.202105311346/tools/bin/../lib/gcc/arm-none-eabi/9.3.1/../../../../arm-none-eabi/lib/thumb/v6-m/nofp/libc_nano.a
END GROUP
START GROUP
LOAD /Applications/STM32CubeIDE.app/Contents/Eclipse/plugins/com.st.stm32cube.ide.mcu.externaltools.gnu-tools-for-stm32.9-2020-q2-update.macos64_2.0.0.202105311346/tools/bin/../lib/gcc/arm-none-eabi/9.3.1/thumb/v6-m/nofp/libgcc.a
LOAD /Applications/STM32CubeIDE.app/Contents/Eclipse/plugins/com.st.stm32cube.ide.mcu.externaltools.gnu-tools-for-stm32.9-2020-q2-update.macos64_2.0.0.202105311346/tools/bin/../lib/gcc/arm-none-eabi/9.3.1/../../../../arm-none-eabi/lib/thumb/v6-m/nofp/libc_nano.a
LOAD /Applications/STM32CubeIDE.app/Contents/Eclipse/plugins/com.st.stm32cube.ide.mcu.externaltools.gnu-tools-for-stm32.9-2020-q2-update.macos64_2.0.0.202105311346/tools/bin/../lib/gcc/arm-none-eabi/9.3.1/../../../../arm-none-eabi/lib/thumb/v6-m/nofp/libnosys.a
END GROUP
START GROUP
LOAD /Applications/STM32CubeIDE.app/Contents/Eclipse/plugins/com.st.stm32cube.ide.mcu.externaltools.gnu-tools-for-stm32.9-2020-q2-update.macos64_2.0.0.202105311346/tools/bin/../lib/gcc/arm-none-eabi/9.3.1/thumb/v6-m/nofp/libgcc.a
LOAD /Applications/STM32CubeIDE.app/Contents/Eclipse/plugins/com.st.stm32cube.ide.mcu.externaltools.gnu-tools-for-stm32.9-2020-q2-update.macos64_2.0.0.202105311346/tools/bin/../lib/gcc/arm-none-eabi/9.3.1/../../../../arm-none-eabi/lib/thumb/v6-m/nofp/libc_nano.a
LOAD /Applications/STM32CubeIDE.app/Contents/Eclipse/plugins/com.st.stm32cube.ide.mcu.externaltools.gnu-tools-for-stm32.9-2020-q2-update.macos64_2.0.0.202105311346/tools/bin/../lib/gcc/arm-none-eabi/9.3.1/../../../../arm-none-eabi/lib/thumb/v6-m/nofp/libnosys.a
END GROUP
LOAD /Applications/STM32CubeIDE.app/Contents/Eclipse/plugins/com.st.stm32cube.ide.mcu.externaltools.gnu-tools-for-stm32.9-2020-q2-update.macos64_2.0.0.202105311346/tools/bin/../lib/gcc/arm-none-eabi/9.3.1/thumb/v6-m/nofp/crtend.o
LOAD /Applications/STM32CubeIDE.app/Contents/Eclipse/plugins/com.st.stm32cube.ide.mcu.externaltools.gnu-tools-for-stm32.9-2020-q2-update.macos64_2.0.0.202105311346/tools/bin/../lib/gcc/arm-none-eabi/9.3.1/thumb/v6-m/nofp/crtn.o
                0x0000000020004000                _estack = (ORIGIN (RAM) + LENGTH (RAM))
                0x0000000000000200                _Min_Heap_Size = 0x200
                0x0000000000000400                _Min_Stack_Size = 0x400

.isr_vector     0x0000000008000000       0xc0
                0x0000000008000000                . = ALIGN (0x4)
 *(.isr_vector)
 .isr_vector    0x0000000008000000       0xc0 ./Core/Startup/startup_stm32f072rbtx.o
                0x0000000008000000                g_pfnVectors
                0x00000000080000c0                . = ALIGN (0x4)

.text           0x00000000080000c0     0x6288
                0x00000000080000c0                . = ALIGN (0x4)
 *(.text)
 .text          0x00000000080000c0       0x48 /Applications/STM32CubeIDE.app/Contents/Eclipse/plugins/com.st.stm32cube.ide.mcu.externaltools.gnu-tools-for-stm32.9-2020-q2-update.macos64_2.0.0.202105311346/tools/bin/../lib/gcc/arm-none-eabi/9.3.1/thumb/v6-m/nofp/crtbegin.o
 .text          0x0000000008000108       0x14 /Applications/STM32CubeIDE.app/Contents/Eclipse/plugins/com.st.stm32cube.ide.mcu.externaltools.gnu-tools-for-stm32.9-2020-q2-update.macos64_2.0.0.202105311346/tools/bin/../lib/gcc/arm-none-eabi/9.3.1/thumb/v6-m/nofp/libgcc.a(_thumb1_case_shi.o)
                0x0000000008000108                __gnu_thumb1_case_shi
 .text          0x000000000800011c      0x114 /Applications/STM32CubeIDE.app/Contents/Eclipse/plugins/com.st.stm32cube.ide.mcu.externaltools.gnu-tools-for-stm32.9-2020-q2-update.macos64_2.0.0.202105311346/tools/bin/../lib/gcc/arm-none-eabi/9.3.1/thumb/v6-m/nofp/libgcc.a(_udivsi3.o)
                0x000000000800011c                __udivsi3
                0x000000000800011c                __aeabi_uidiv
                0x0000000008000228                __aeabi_uidivmod
 .text          0x0000000008000230        0x4 /Applications/STM32CubeIDE.app/Contents/Eclipse/plugins/com.st.stm32cube.ide.mcu.externaltools.gnu-tools-for-stm32.9-2020-q2-update.macos64_2.0.0.202105311346/tools/bin/../lib/gcc/arm-none-eabi/9.3.1/thumb/v6-m/nofp/libgcc.a(_dvmd_tls.o)
                0x0000000008000230                __aeabi_ldiv0
                0x0000000008000230                __aeabi_idiv0
 *(.text*)
 .text.W5500_Select
                0x0000000008000234       0x1c ./Core/Src/main.o
                0x0000000008000234                W5500_Select
 .text.W5500_Unselect
                0x0000000008000250       0x1c ./Core/Src/main.o
                0x0000000008000250                W5500_Unselect
 .text.W5500_ReadBuff
                0x000000000800026c       0x2c ./Core/Src/main.o
                0x000000000800026c                W5500_ReadBuff
 .text.W5500_WriteBuff
                0x0000000008000298       0x34 ./Core/Src/main.o
                0x0000000008000298                W5500_WriteBuff
 .text.W5500_ReadByte
                0x00000000080002cc       0x1c ./Core/Src/main.o
                0x00000000080002cc                W5500_ReadByte
 .text.W5500_WriteByte
                0x00000000080002e8       0x1e ./Core/Src/main.o
                0x00000000080002e8                W5500_WriteByte
 *fill*         0x0000000008000306        0x2 
 .text.setwiz   0x0000000008000308       0xe8 ./Core/Src/main.o
                0x0000000008000308                setwiz
 .text.main     0x00000000080003f0      0x1d4 ./Core/Src/main.o
                0x00000000080003f0                main
 .text.SystemClock_Config
                0x00000000080005c4       0xcc ./Core/Src/main.o
                0x00000000080005c4                SystemClock_Config
 .text.MX_SPI2_Init
                0x0000000008000690       0x90 ./Core/Src/main.o
 .text.MX_GPIO_Init
                0x0000000008000720       0x94 ./Core/Src/main.o
 .text.Error_Handler
                0x00000000080007b4        0xa ./Core/Src/main.o
                0x00000000080007b4                Error_Handler
 *fill*         0x00000000080007be        0x2 
 .text.ping_auto
                0x00000000080007c0      0x154 ./Core/Src/ping.o
                0x00000000080007c0                ping_auto
 .text.ping_request
                0x0000000008000914      0x168 ./Core/Src/ping.o
                0x0000000008000914                ping_request
 .text.ping_reply
                0x0000000008000a7c      0x348 ./Core/Src/ping.o
                0x0000000008000a7c                ping_reply
 .text.checksum
                0x0000000008000dc4       0xe6 ./Core/Src/ping.o
                0x0000000008000dc4                checksum
 .text.htons    0x0000000008000eaa       0x42 ./Core/Src/ping.o
                0x0000000008000eaa                htons
 .text.HAL_MspInit
                0x0000000008000eec       0x48 ./Core/Src/stm32f0xx_hal_msp.o
                0x0000000008000eec                HAL_MspInit
 .text.HAL_SPI_MspInit
                0x0000000008000f34       0x9c ./Core/Src/stm32f0xx_hal_msp.o
                0x0000000008000f34                HAL_SPI_MspInit
 .text.NMI_Handler
                0x0000000008000fd0        0x6 ./Core/Src/stm32f0xx_it.o
                0x0000000008000fd0                NMI_Handler
 .text.HardFault_Handler
                0x0000000008000fd6        0x6 ./Core/Src/stm32f0xx_it.o
                0x0000000008000fd6                HardFault_Handler
 .text.SVC_Handler
                0x0000000008000fdc        0xa ./Core/Src/stm32f0xx_it.o
                0x0000000008000fdc                SVC_Handler
 .text.PendSV_Handler
                0x0000000008000fe6        0xa ./Core/Src/stm32f0xx_it.o
                0x0000000008000fe6                PendSV_Handler
 .text.SysTick_Handler
                0x0000000008000ff0        0xe ./Core/Src/stm32f0xx_it.o
                0x0000000008000ff0                SysTick_Handler
 .text._read    0x0000000008000ffe       0x3a ./Core/Src/syscalls.o
                0x0000000008000ffe                _read
 .text._write   0x0000000008001038       0x38 ./Core/Src/syscalls.o
                0x0000000008001038                _write
 .text._close   0x0000000008001070       0x14 ./Core/Src/syscalls.o
                0x0000000008001070                _close
 .text._fstat   0x0000000008001084       0x1c ./Core/Src/syscalls.o
                0x0000000008001084                _fstat
 .text._isatty  0x00000000080010a0       0x12 ./Core/Src/syscalls.o
                0x00000000080010a0                _isatty
 .text._lseek   0x00000000080010b2       0x16 ./Core/Src/syscalls.o
                0x00000000080010b2                _lseek
 .text._sbrk    0x00000000080010c8       0x6c ./Core/Src/sysmem.o
                0x00000000080010c8                _sbrk
 .text.SystemInit
                0x0000000008001134        0xa ./Core/Src/system_stm32f0xx.o
                0x0000000008001134                SystemInit
 *fill*         0x000000000800113e        0x2 
 .text.Reset_Handler
                0x0000000008001140       0x50 ./Core/Startup/startup_stm32f072rbtx.o
                0x0000000008001140                Reset_Handler
 .text.Default_Handler
                0x0000000008001190        0x2 ./Core/Startup/startup_stm32f072rbtx.o
                0x0000000008001190                TIM1_BRK_UP_TRG_COM_IRQHandler
                0x0000000008001190                TSC_IRQHandler
                0x0000000008001190                ADC1_COMP_IRQHandler
                0x0000000008001190                I2C1_IRQHandler
                0x0000000008001190                RCC_CRS_IRQHandler
                0x0000000008001190                SPI1_IRQHandler
                0x0000000008001190                TIM6_DAC_IRQHandler
                0x0000000008001190                USART3_4_IRQHandler
                0x0000000008001190                EXTI2_3_IRQHandler
                0x0000000008001190                I2C2_IRQHandler
                0x0000000008001190                TIM17_IRQHandler
                0x0000000008001190                CEC_CAN_IRQHandler
                0x0000000008001190                RTC_IRQHandler
                0x0000000008001190                PVD_VDDIO2_IRQHandler
                0x0000000008001190                DMA1_Channel4_5_6_7_IRQHandler
                0x0000000008001190                TIM16_IRQHandler
                0x0000000008001190                TIM3_IRQHandler
                0x0000000008001190                EXTI4_15_IRQHandler
                0x0000000008001190                DMA1_Channel1_IRQHandler
                0x0000000008001190                Default_Handler
                0x0000000008001190                TIM14_IRQHandler
                0x0000000008001190                TIM7_IRQHandler
                0x0000000008001190                TIM15_IRQHandler
                0x0000000008001190                EXTI0_1_IRQHandler
                0x0000000008001190                USB_IRQHandler
                0x0000000008001190                SPI2_IRQHandler
                0x0000000008001190                WWDG_IRQHandler
                0x0000000008001190                TIM2_IRQHandler
                0x0000000008001190                DMA1_Channel2_3_IRQHandler
                0x0000000008001190                USART2_IRQHandler
                0x0000000008001190                FLASH_IRQHandler
                0x0000000008001190                USART1_IRQHandler
                0x0000000008001190                TIM1_CC_IRQHandler
 *fill*         0x0000000008001192        0x2 
 .text.HAL_Init
                0x0000000008001194       0x28 ./Drivers/STM32F0xx_HAL_Driver/Src/stm32f0xx_hal.o
                0x0000000008001194                HAL_Init
 .text.HAL_InitTick
                0x00000000080011bc       0x68 ./Drivers/STM32F0xx_HAL_Driver/Src/stm32f0xx_hal.o
                0x00000000080011bc                HAL_InitTick
 .text.HAL_IncTick
                0x0000000008001224       0x24 ./Drivers/STM32F0xx_HAL_Driver/Src/stm32f0xx_hal.o
                0x0000000008001224                HAL_IncTick
 .text.HAL_GetTick
                0x0000000008001248       0x14 ./Drivers/STM32F0xx_HAL_Driver/Src/stm32f0xx_hal.o
                0x0000000008001248                HAL_GetTick
 .text.HAL_Delay
                0x000000000800125c       0x48 ./Drivers/STM32F0xx_HAL_Driver/Src/stm32f0xx_hal.o
                0x000000000800125c                HAL_Delay
 .text.__NVIC_SetPriority
                0x00000000080012a4       0xdc ./Drivers/STM32F0xx_HAL_Driver/Src/stm32f0xx_hal_cortex.o
 .text.SysTick_Config
                0x0000000008001380       0x48 ./Drivers/STM32F0xx_HAL_Driver/Src/stm32f0xx_hal_cortex.o
 .text.HAL_NVIC_SetPriority
                0x00000000080013c8       0x2a ./Drivers/STM32F0xx_HAL_Driver/Src/stm32f0xx_hal_cortex.o
                0x00000000080013c8                HAL_NVIC_SetPriority
 .text.HAL_SYSTICK_Config
                0x00000000080013f2       0x1a ./Drivers/STM32F0xx_HAL_Driver/Src/stm32f0xx_hal_cortex.o
                0x00000000080013f2                HAL_SYSTICK_Config
 .text.HAL_GPIO_Init
                0x000000000800140c      0x2f0 ./Drivers/STM32F0xx_HAL_Driver/Src/stm32f0xx_hal_gpio.o
                0x000000000800140c                HAL_GPIO_Init
 .text.HAL_GPIO_WritePin
                0x00000000080016fc       0x3a ./Drivers/STM32F0xx_HAL_Driver/Src/stm32f0xx_hal_gpio.o
                0x00000000080016fc                HAL_GPIO_WritePin
 *fill*         0x0000000008001736        0x2 
 .text.HAL_RCC_OscConfig
                0x0000000008001738      0x70c ./Drivers/STM32F0xx_HAL_Driver/Src/stm32f0xx_hal_rcc.o
                0x0000000008001738                HAL_RCC_OscConfig
 .text.HAL_RCC_ClockConfig
                0x0000000008001e44      0x1b4 ./Drivers/STM32F0xx_HAL_Driver/Src/stm32f0xx_hal_rcc.o
                0x0000000008001e44                HAL_RCC_ClockConfig
 .text.HAL_RCC_GetSysClockFreq
                0x0000000008001ff8      0x100 ./Drivers/STM32F0xx_HAL_Driver/Src/stm32f0xx_hal_rcc.o
                0x0000000008001ff8                HAL_RCC_GetSysClockFreq
 .text.HAL_RCCEx_PeriphCLKConfig
                0x00000000080020f8      0x1fc ./Drivers/STM32F0xx_HAL_Driver/Src/stm32f0xx_hal_rcc_ex.o
                0x00000000080020f8                HAL_RCCEx_PeriphCLKConfig
 .text.HAL_SPI_Init
                0x00000000080022f4      0x170 ./Drivers/STM32F0xx_HAL_Driver/Src/stm32f0xx_hal_spi.o
                0x00000000080022f4                HAL_SPI_Init
 .text.HAL_SPI_Transmit
                0x0000000008002464      0x2b0 ./Drivers/STM32F0xx_HAL_Driver/Src/stm32f0xx_hal_spi.o
                0x0000000008002464                HAL_SPI_Transmit
 .text.HAL_SPI_Receive
                0x0000000008002714      0x298 ./Drivers/STM32F0xx_HAL_Driver/Src/stm32f0xx_hal_spi.o
                0x0000000008002714                HAL_SPI_Receive
 .text.HAL_SPI_TransmitReceive
                0x00000000080029ac      0x3a4 ./Drivers/STM32F0xx_HAL_Driver/Src/stm32f0xx_hal_spi.o
                0x00000000080029ac                HAL_SPI_TransmitReceive
 .text.SPI_WaitFlagStateUntilTimeout
                0x0000000008002d50      0x11c ./Drivers/STM32F0xx_HAL_Driver/Src/stm32f0xx_hal_spi.o
 .text.SPI_WaitFifoStateUntilTimeout
                0x0000000008002e6c      0x12c ./Drivers/STM32F0xx_HAL_Driver/Src/stm32f0xx_hal_spi.o
 .text.SPI_EndRxTransaction
                0x0000000008002f98       0xbc ./Drivers/STM32F0xx_HAL_Driver/Src/stm32f0xx_hal_spi.o
 .text.SPI_EndRxTxTransaction
                0x0000000008003054       0x8c ./Drivers/STM32F0xx_HAL_Driver/Src/stm32f0xx_hal_spi.o
 .text.WIZCHIP_READ
                0x00000000080030e0       0xa4 ./Drivers/Wiznet_Driver/Ethernet/W5500/w5500.o
                0x00000000080030e0                WIZCHIP_READ
 .text.WIZCHIP_WRITE
                0x0000000008003184       0xac ./Drivers/Wiznet_Driver/Ethernet/W5500/w5500.o
                0x0000000008003184                WIZCHIP_WRITE
 .text.WIZCHIP_READ_BUF
                0x0000000008003230       0xdc ./Drivers/Wiznet_Driver/Ethernet/W5500/w5500.o
                0x0000000008003230                WIZCHIP_READ_BUF
 .text.WIZCHIP_WRITE_BUF
                0x000000000800330c       0xdc ./Drivers/Wiznet_Driver/Ethernet/W5500/w5500.o
                0x000000000800330c                WIZCHIP_WRITE_BUF
 .text.getSn_TX_FSR
                0x00000000080033e8       0xd8 ./Drivers/Wiznet_Driver/Ethernet/W5500/w5500.o
                0x00000000080033e8                getSn_TX_FSR
 .text.getSn_RX_RSR
                0x00000000080034c0       0xd8 ./Drivers/Wiznet_Driver/Ethernet/W5500/w5500.o
                0x00000000080034c0                getSn_RX_RSR
 .text.wiz_send_data
                0x0000000008003598       0xf0 ./Drivers/Wiznet_Driver/Ethernet/W5500/w5500.o
                0x0000000008003598                wiz_send_data
 .text.wiz_recv_data
                0x0000000008003688       0xf0 ./Drivers/Wiznet_Driver/Ethernet/W5500/w5500.o
                0x0000000008003688                wiz_recv_data
 .text.wiz_recv_ignore
                0x0000000008003778       0xbc ./Drivers/Wiznet_Driver/Ethernet/W5500/w5500.o
                0x0000000008003778                wiz_recv_ignore
 .text.wiz_socket
                0x0000000008003834      0x260 ./Drivers/Wiznet_Driver/Ethernet/socket.o
                0x0000000008003834                wiz_socket
 .text.wiz_close
                0x0000000008003a94       0xd0 ./Drivers/Wiznet_Driver/Ethernet/socket.o
                0x0000000008003a94                wiz_close
 .text.wiz_listen
                0x0000000008003b64       0x8e ./Drivers/Wiznet_Driver/Ethernet/socket.o
                0x0000000008003b64                wiz_listen
 *fill*         0x0000000008003bf2        0x2 
 .text.wiz_send
                0x0000000008003bf4      0x26c ./Drivers/Wiznet_Driver/Ethernet/socket.o
                0x0000000008003bf4                wiz_send
 .text.wiz_recv
                0x0000000008003e60      0x1d0 ./Drivers/Wiznet_Driver/Ethernet/socket.o
                0x0000000008003e60                wiz_recv
 .text.wiz_sendto
                0x0000000008004030      0x2bc ./Drivers/Wiznet_Driver/Ethernet/socket.o
                0x0000000008004030                wiz_sendto
 .text.wiz_recvfrom
                0x00000000080042ec      0x4fc ./Drivers/Wiznet_Driver/Ethernet/socket.o
                0x00000000080042ec                wiz_recvfrom
 .text.wizchip_cris_enter
                0x00000000080047e8        0xa ./Drivers/Wiznet_Driver/Ethernet/wizchip_conf.o
                0x00000000080047e8                wizchip_cris_enter
 .text.wizchip_cris_exit
                0x00000000080047f2        0xa ./Drivers/Wiznet_Driver/Ethernet/wizchip_conf.o
                0x00000000080047f2                wizchip_cris_exit
 .text.wizchip_cs_select
                0x00000000080047fc        0xa ./Drivers/Wiznet_Driver/Ethernet/wizchip_conf.o
                0x00000000080047fc                wizchip_cs_select
 .text.wizchip_cs_deselect
                0x0000000008004806        0xa ./Drivers/Wiznet_Driver/Ethernet/wizchip_conf.o
                0x0000000008004806                wizchip_cs_deselect
 .text.wizchip_bus_readdata
                0x0000000008004810       0x16 ./Drivers/Wiznet_Driver/Ethernet/wizchip_conf.o
                0x0000000008004810                wizchip_bus_readdata
 .text.wizchip_bus_writedata
                0x0000000008004826       0x1e ./Drivers/Wiznet_Driver/Ethernet/wizchip_conf.o
                0x0000000008004826                wizchip_bus_writedata
 .text.wizchip_spi_readbyte
                0x0000000008004844        0xc ./Drivers/Wiznet_Driver/Ethernet/wizchip_conf.o
                0x0000000008004844                wizchip_spi_readbyte
 .text.wizchip_spi_writebyte
                0x0000000008004850       0x14 ./Drivers/Wiznet_Driver/Ethernet/wizchip_conf.o
                0x0000000008004850                wizchip_spi_writebyte
 .text.wizchip_spi_readburst
                0x0000000008004864       0x16 ./Drivers/Wiznet_Driver/Ethernet/wizchip_conf.o
                0x0000000008004864                wizchip_spi_readburst
 .text.wizchip_spi_writeburst
                0x000000000800487a       0x16 ./Drivers/Wiznet_Driver/Ethernet/wizchip_conf.o
                0x000000000800487a                wizchip_spi_writeburst
 .text.reg_wizchip_cs_cbfunc
                0x0000000008004890       0x48 ./Drivers/Wiznet_Driver/Ethernet/wizchip_conf.o
                0x0000000008004890                reg_wizchip_cs_cbfunc
 .text.reg_wizchip_spi_cbfunc
                0x00000000080048d8       0x58 ./Drivers/Wiznet_Driver/Ethernet/wizchip_conf.o
                0x00000000080048d8                reg_wizchip_spi_cbfunc
 .text.reg_wizchip_spiburst_cbfunc
                0x0000000008004930       0x58 ./Drivers/Wiznet_Driver/Ethernet/wizchip_conf.o
                0x0000000008004930                reg_wizchip_spiburst_cbfunc
 .text.ctlwizchip
                0x0000000008004988      0x1c4 ./Drivers/Wiznet_Driver/Ethernet/wizchip_conf.o
                0x0000000008004988                ctlwizchip
 .text.wizchip_sw_reset
                0x0000000008004b4c       0x92 ./Drivers/Wiznet_Driver/Ethernet/wizchip_conf.o
                0x0000000008004b4c                wizchip_sw_reset
 .text.wizchip_init
                0x0000000008004bde      0x186 ./Drivers/Wiznet_Driver/Ethernet/wizchip_conf.o
                0x0000000008004bde                wizchip_init
 .text.wizchip_clrinterrupt
                0x0000000008004d64       0x52 ./Drivers/Wiznet_Driver/Ethernet/wizchip_conf.o
                0x0000000008004d64                wizchip_clrinterrupt
 .text.wizchip_getinterrupt
                0x0000000008004db6       0x68 ./Drivers/Wiznet_Driver/Ethernet/wizchip_conf.o
                0x0000000008004db6                wizchip_getinterrupt
 .text.wizchip_setinterruptmask
                0x0000000008004e1e       0x4c ./Drivers/Wiznet_Driver/Ethernet/wizchip_conf.o
                0x0000000008004e1e                wizchip_setinterruptmask
 .text.wizchip_getinterruptmask
                0x0000000008004e6a       0x60 ./Drivers/Wiznet_Driver/Ethernet/wizchip_conf.o
                0x0000000008004e6a                wizchip_getinterruptmask
 .text.wizphy_getphylink
                0x0000000008004eca       0x34 ./Drivers/Wiznet_Driver/Ethernet/wizchip_conf.o
                0x0000000008004eca                wizphy_getphylink
 .text.wizphy_getphypmode
                0x0000000008004efe       0x3e ./Drivers/Wiznet_Driver/Ethernet/wizchip_conf.o
                0x0000000008004efe                wizphy_getphypmode
 .text.wizphy_reset
                0x0000000008004f3c       0x68 ./Drivers/Wiznet_Driver/Ethernet/wizchip_conf.o
                0x0000000008004f3c                wizphy_reset
 .text.wizphy_setphyconf
                0x0000000008004fa4       0xbc ./Drivers/Wiznet_Driver/Ethernet/wizchip_conf.o
                0x0000000008004fa4                wizphy_setphyconf
 .text.wizphy_getphyconf
                0x0000000008005060       0xe0 ./Drivers/Wiznet_Driver/Ethernet/wizchip_conf.o
                0x0000000008005060                wizphy_getphyconf
 .text.wizphy_setphypmode
                0x0000000008005140       0xbe ./Drivers/Wiznet_Driver/Ethernet/wizchip_conf.o
                0x0000000008005140                wizphy_setphypmode
 *fill*         0x00000000080051fe        0x2 
 .text.wizchip_setnetinfo
                0x0000000008005200       0x84 ./Drivers/Wiznet_Driver/Ethernet/wizchip_conf.o
                0x0000000008005200                wizchip_setnetinfo
 .text.__errno  0x0000000008005284        0xc /Applications/STM32CubeIDE.app/Contents/Eclipse/plugins/com.st.stm32cube.ide.mcu.externaltools.gnu-tools-for-stm32.9-2020-q2-update.macos64_2.0.0.202105311346/tools/bin/../lib/gcc/arm-none-eabi/9.3.1/../../../../arm-none-eabi/lib/thumb/v6-m/nofp/libc_nano.a(lib_a-errno.o)
                0x0000000008005284                __errno
 .text.__libc_init_array
                0x0000000008005290       0x48 /Applications/STM32CubeIDE.app/Contents/Eclipse/plugins/com.st.stm32cube.ide.mcu.externaltools.gnu-tools-for-stm32.9-2020-q2-update.macos64_2.0.0.202105311346/tools/bin/../lib/gcc/arm-none-eabi/9.3.1/../../../../arm-none-eabi/lib/thumb/v6-m/nofp/libc_nano.a(lib_a-init.o)
                0x0000000008005290                __libc_init_array
 .text.memcpy   0x00000000080052d8       0x12 /Applications/STM32CubeIDE.app/Contents/Eclipse/plugins/com.st.stm32cube.ide.mcu.externaltools.gnu-tools-for-stm32.9-2020-q2-update.macos64_2.0.0.202105311346/tools/bin/../lib/gcc/arm-none-eabi/9.3.1/../../../../arm-none-eabi/lib/thumb/v6-m/nofp/libc_nano.a(lib_a-memcpy-stub.o)
                0x00000000080052d8                memcpy
 .text.memset   0x00000000080052ea       0x10 /Applications/STM32CubeIDE.app/Contents/Eclipse/plugins/com.st.stm32cube.ide.mcu.externaltools.gnu-tools-for-stm32.9-2020-q2-update.macos64_2.0.0.202105311346/tools/bin/../lib/gcc/arm-none-eabi/9.3.1/../../../../arm-none-eabi/lib/thumb/v6-m/nofp/libc_nano.a(lib_a-memset.o)
                0x00000000080052ea                memset
 *fill*         0x00000000080052fa        0x2 
 .text.printf   0x00000000080052fc       0x34 /Applications/STM32CubeIDE.app/Contents/Eclipse/plugins/com.st.stm32cube.ide.mcu.externaltools.gnu-tools-for-stm32.9-2020-q2-update.macos64_2.0.0.202105311346/tools/bin/../lib/gcc/arm-none-eabi/9.3.1/../../../../arm-none-eabi/lib/thumb/v6-m/nofp/libc_nano.a(lib_a-printf.o)
                0x00000000080052fc                printf
                0x00000000080052fc                iprintf
 .text._puts_r  0x0000000008005330       0xe4 /Applications/STM32CubeIDE.app/Contents/Eclipse/plugins/com.st.stm32cube.ide.mcu.externaltools.gnu-tools-for-stm32.9-2020-q2-update.macos64_2.0.0.202105311346/tools/bin/../lib/gcc/arm-none-eabi/9.3.1/../../../../arm-none-eabi/lib/thumb/v6-m/nofp/libc_nano.a(lib_a-puts.o)
                0x0000000008005330                _puts_r
 .text.puts     0x0000000008005414       0x14 /Applications/STM32CubeIDE.app/Contents/Eclipse/plugins/com.st.stm32cube.ide.mcu.externaltools.gnu-tools-for-stm32.9-2020-q2-update.macos64_2.0.0.202105311346/tools/bin/../lib/gcc/arm-none-eabi/9.3.1/../../../../arm-none-eabi/lib/thumb/v6-m/nofp/libc_nano.a(lib_a-puts.o)
                0x0000000008005414                puts
 .text.__swbuf_r
                0x0000000008005428       0xac /Applications/STM32CubeIDE.app/Contents/Eclipse/plugins/com.st.stm32cube.ide.mcu.externaltools.gnu-tools-for-stm32.9-2020-q2-update.macos64_2.0.0.202105311346/tools/bin/../lib/gcc/arm-none-eabi/9.3.1/../../../../arm-none-eabi/lib/thumb/v6-m/nofp/libc_nano.a(lib_a-wbuf.o)
                0x0000000008005428                __swbuf_r
 .text.__swsetup_r
                0x00000000080054d4       0xf0 /Applications/STM32CubeIDE.app/Contents/Eclipse/plugins/com.st.stm32cube.ide.mcu.externaltools.gnu-tools-for-stm32.9-2020-q2-update.macos64_2.0.0.202105311346/tools/bin/../lib/gcc/arm-none-eabi/9.3.1/../../../../arm-none-eabi/lib/thumb/v6-m/nofp/libc_nano.a(lib_a-wsetup.o)
                0x00000000080054d4                __swsetup_r
 .text.__sflush_r
                0x00000000080055c4      0x118 /Applications/STM32CubeIDE.app/Contents/Eclipse/plugins/com.st.stm32cube.ide.mcu.externaltools.gnu-tools-for-stm32.9-2020-q2-update.macos64_2.0.0.202105311346/tools/bin/../lib/gcc/arm-none-eabi/9.3.1/../../../../arm-none-eabi/lib/thumb/v6-m/nofp/libc_nano.a(lib_a-fflush.o)
                0x00000000080055c4                __sflush_r
 .text._fflush_r
                0x00000000080056dc       0x80 /Applications/STM32CubeIDE.app/Contents/Eclipse/plugins/com.st.stm32cube.ide.mcu.externaltools.gnu-tools-for-stm32.9-2020-q2-update.macos64_2.0.0.202105311346/tools/bin/../lib/gcc/arm-none-eabi/9.3.1/../../../../arm-none-eabi/lib/thumb/v6-m/nofp/libc_nano.a(lib_a-fflush.o)
                0x00000000080056dc                _fflush_r
 .text.std      0x000000000800575c       0x48 /Applications/STM32CubeIDE.app/Contents/Eclipse/plugins/com.st.stm32cube.ide.mcu.externaltools.gnu-tools-for-stm32.9-2020-q2-update.macos64_2.0.0.202105311346/tools/bin/../lib/gcc/arm-none-eabi/9.3.1/../../../../arm-none-eabi/lib/thumb/v6-m/nofp/libc_nano.a(lib_a-findfp.o)
 .text._cleanup_r
                0x00000000080057a4       0x10 /Applications/STM32CubeIDE.app/Contents/Eclipse/plugins/com.st.stm32cube.ide.mcu.externaltools.gnu-tools-for-stm32.9-2020-q2-update.macos64_2.0.0.202105311346/tools/bin/../lib/gcc/arm-none-eabi/9.3.1/../../../../arm-none-eabi/lib/thumb/v6-m/nofp/libc_nano.a(lib_a-findfp.o)
                0x00000000080057a4                _cleanup_r
 .text.__sfmoreglue
                0x00000000080057b4       0x2c /Applications/STM32CubeIDE.app/Contents/Eclipse/plugins/com.st.stm32cube.ide.mcu.externaltools.gnu-tools-for-stm32.9-2020-q2-update.macos64_2.0.0.202105311346/tools/bin/../lib/gcc/arm-none-eabi/9.3.1/../../../../arm-none-eabi/lib/thumb/v6-m/nofp/libc_nano.a(lib_a-findfp.o)
                0x00000000080057b4                __sfmoreglue
 .text.__sfp_lock_acquire
                0x00000000080057e0       0x10 /Applications/STM32CubeIDE.app/Contents/Eclipse/plugins/com.st.stm32cube.ide.mcu.externaltools.gnu-tools-for-stm32.9-2020-q2-update.macos64_2.0.0.202105311346/tools/bin/../lib/gcc/arm-none-eabi/9.3.1/../../../../arm-none-eabi/lib/thumb/v6-m/nofp/libc_nano.a(lib_a-findfp.o)
                0x00000000080057e0                __sfp_lock_acquire
 .text.__sfp_lock_release
                0x00000000080057f0       0x10 /Applications/STM32CubeIDE.app/Contents/Eclipse/plugins/com.st.stm32cube.ide.mcu.externaltools.gnu-tools-for-stm32.9-2020-q2-update.macos64_2.0.0.202105311346/tools/bin/../lib/gcc/arm-none-eabi/9.3.1/../../../../arm-none-eabi/lib/thumb/v6-m/nofp/libc_nano.a(lib_a-findfp.o)
                0x00000000080057f0                __sfp_lock_release
 .text.__sinit_lock_acquire
                0x0000000008005800       0x10 /Applications/STM32CubeIDE.app/Contents/Eclipse/plugins/com.st.stm32cube.ide.mcu.externaltools.gnu-tools-for-stm32.9-2020-q2-update.macos64_2.0.0.202105311346/tools/bin/../lib/gcc/arm-none-eabi/9.3.1/../../../../arm-none-eabi/lib/thumb/v6-m/nofp/libc_nano.a(lib_a-findfp.o)
                0x0000000008005800                __sinit_lock_acquire
 .text.__sinit_lock_release
                0x0000000008005810       0x10 /Applications/STM32CubeIDE.app/Contents/Eclipse/plugins/com.st.stm32cube.ide.mcu.externaltools.gnu-tools-for-stm32.9-2020-q2-update.macos64_2.0.0.202105311346/tools/bin/../lib/gcc/arm-none-eabi/9.3.1/../../../../arm-none-eabi/lib/thumb/v6-m/nofp/libc_nano.a(lib_a-findfp.o)
                0x0000000008005810                __sinit_lock_release
 .text.__sinit  0x0000000008005820       0x70 /Applications/STM32CubeIDE.app/Contents/Eclipse/plugins/com.st.stm32cube.ide.mcu.externaltools.gnu-tools-for-stm32.9-2020-q2-update.macos64_2.0.0.202105311346/tools/bin/../lib/gcc/arm-none-eabi/9.3.1/../../../../arm-none-eabi/lib/thumb/v6-m/nofp/libc_nano.a(lib_a-findfp.o)
                0x0000000008005820                __sinit
 .text.__sfp    0x0000000008005890       0x90 /Applications/STM32CubeIDE.app/Contents/Eclipse/plugins/com.st.stm32cube.ide.mcu.externaltools.gnu-tools-for-stm32.9-2020-q2-update.macos64_2.0.0.202105311346/tools/bin/../lib/gcc/arm-none-eabi/9.3.1/../../../../arm-none-eabi/lib/thumb/v6-m/nofp/libc_nano.a(lib_a-findfp.o)
                0x0000000008005890                __sfp
 .text._fwalk_reent
                0x0000000008005920       0x40 /Applications/STM32CubeIDE.app/Contents/Eclipse/plugins/com.st.stm32cube.ide.mcu.externaltools.gnu-tools-for-stm32.9-2020-q2-update.macos64_2.0.0.202105311346/tools/bin/../lib/gcc/arm-none-eabi/9.3.1/../../../../arm-none-eabi/lib/thumb/v6-m/nofp/libc_nano.a(lib_a-fwalk.o)
                0x0000000008005920                _fwalk_reent
 .text.__retarget_lock_init_recursive
                0x0000000008005960        0x2 /Applications/STM32CubeIDE.app/Contents/Eclipse/plugins/com.st.stm32cube.ide.mcu.externaltools.gnu-tools-for-stm32.9-2020-q2-update.macos64_2.0.0.202105311346/tools/bin/../lib/gcc/arm-none-eabi/9.3.1/../../../../arm-none-eabi/lib/thumb/v6-m/nofp/libc_nano.a(lib_a-lock.o)
                0x0000000008005960                __retarget_lock_init_recursive
 .text.__retarget_lock_acquire_recursive
                0x0000000008005962        0x2 /Applications/STM32CubeIDE.app/Contents/Eclipse/plugins/com.st.stm32cube.ide.mcu.externaltools.gnu-tools-for-stm32.9-2020-q2-update.macos64_2.0.0.202105311346/tools/bin/../lib/gcc/arm-none-eabi/9.3.1/../../../../arm-none-eabi/lib/thumb/v6-m/nofp/libc_nano.a(lib_a-lock.o)
                0x0000000008005962                __retarget_lock_acquire_recursive
 .text.__retarget_lock_release_recursive
                0x0000000008005964        0x2 /Applications/STM32CubeIDE.app/Contents/Eclipse/plugins/com.st.stm32cube.ide.mcu.externaltools.gnu-tools-for-stm32.9-2020-q2-update.macos64_2.0.0.202105311346/tools/bin/../lib/gcc/arm-none-eabi/9.3.1/../../../../arm-none-eabi/lib/thumb/v6-m/nofp/libc_nano.a(lib_a-lock.o)
                0x0000000008005964                __retarget_lock_release_recursive
 *fill*         0x0000000008005966        0x2 
 .text.__swhatbuf_r
                0x0000000008005968       0x50 /Applications/STM32CubeIDE.app/Contents/Eclipse/plugins/com.st.stm32cube.ide.mcu.externaltools.gnu-tools-for-stm32.9-2020-q2-update.macos64_2.0.0.202105311346/tools/bin/../lib/gcc/arm-none-eabi/9.3.1/../../../../arm-none-eabi/lib/thumb/v6-m/nofp/libc_nano.a(lib_a-makebuf.o)
                0x0000000008005968                __swhatbuf_r
 .text.__smakebuf_r
                0x00000000080059b8       0x88 /Applications/STM32CubeIDE.app/Contents/Eclipse/plugins/com.st.stm32cube.ide.mcu.externaltools.gnu-tools-for-stm32.9-2020-q2-update.macos64_2.0.0.202105311346/tools/bin/../lib/gcc/arm-none-eabi/9.3.1/../../../../arm-none-eabi/lib/thumb/v6-m/nofp/libc_nano.a(lib_a-makebuf.o)
                0x00000000080059b8                __smakebuf_r
 .text._free_r  0x0000000008005a40       0x94 /Applications/STM32CubeIDE.app/Contents/Eclipse/plugins/com.st.stm32cube.ide.mcu.externaltools.gnu-tools-for-stm32.9-2020-q2-update.macos64_2.0.0.202105311346/tools/bin/../lib/gcc/arm-none-eabi/9.3.1/../../../../arm-none-eabi/lib/thumb/v6-m/nofp/libc_nano.a(lib_a-nano-freer.o)
                0x0000000008005a40                _free_r
 .text._malloc_r
                0x0000000008005ad4       0xbc /Applications/STM32CubeIDE.app/Contents/Eclipse/plugins/com.st.stm32cube.ide.mcu.externaltools.gnu-tools-for-stm32.9-2020-q2-update.macos64_2.0.0.202105311346/tools/bin/../lib/gcc/arm-none-eabi/9.3.1/../../../../arm-none-eabi/lib/thumb/v6-m/nofp/libc_nano.a(lib_a-nano-mallocr.o)
                0x0000000008005ad4                _malloc_r
 .text.__sfputc_r
                0x0000000008005b90       0x2a /Applications/STM32CubeIDE.app/Contents/Eclipse/plugins/com.st.stm32cube.ide.mcu.externaltools.gnu-tools-for-stm32.9-2020-q2-update.macos64_2.0.0.202105311346/tools/bin/../lib/gcc/arm-none-eabi/9.3.1/../../../../arm-none-eabi/lib/thumb/v6-m/nofp/libc_nano.a(lib_a-nano-vfprintf.o)
 .text.__sfputs_r
                0x0000000008005bba       0x24 /Applications/STM32CubeIDE.app/Contents/Eclipse/plugins/com.st.stm32cube.ide.mcu.externaltools.gnu-tools-for-stm32.9-2020-q2-update.macos64_2.0.0.202105311346/tools/bin/../lib/gcc/arm-none-eabi/9.3.1/../../../../arm-none-eabi/lib/thumb/v6-m/nofp/libc_nano.a(lib_a-nano-vfprintf.o)
                0x0000000008005bba                __sfputs_r
 *fill*         0x0000000008005bde        0x2 
 .text._vfprintf_r
                0x0000000008005be0      0x274 /Applications/STM32CubeIDE.app/Contents/Eclipse/plugins/com.st.stm32cube.ide.mcu.externaltools.gnu-tools-for-stm32.9-2020-q2-update.macos64_2.0.0.202105311346/tools/bin/../lib/gcc/arm-none-eabi/9.3.1/../../../../arm-none-eabi/lib/thumb/v6-m/nofp/libc_nano.a(lib_a-nano-vfprintf.o)
                0x0000000008005be0                _vfiprintf_r
                0x0000000008005be0                _vfprintf_r
 .text._printf_common
                0x0000000008005e54       0xde /Applications/STM32CubeIDE.app/Contents/Eclipse/plugins/com.st.stm32cube.ide.mcu.externaltools.gnu-tools-for-stm32.9-2020-q2-update.macos64_2.0.0.202105311346/tools/bin/../lib/gcc/arm-none-eabi/9.3.1/../../../../arm-none-eabi/lib/thumb/v6-m/nofp/libc_nano.a(lib_a-nano-vfprintf_i.o)
                0x0000000008005e54                _printf_common
 *fill*         0x0000000008005f32        0x2 
 .text._printf_i
                0x0000000008005f34      0x224 /Applications/STM32CubeIDE.app/Contents/Eclipse/plugins/com.st.stm32cube.ide.mcu.externaltools.gnu-tools-for-stm32.9-2020-q2-update.macos64_2.0.0.202105311346/tools/bin/../lib/gcc/arm-none-eabi/9.3.1/../../../../arm-none-eabi/lib/thumb/v6-m/nofp/libc_nano.a(lib_a-nano-vfprintf_i.o)
                0x0000000008005f34                _printf_i
 .text._sbrk_r  0x0000000008006158       0x24 /Applications/STM32CubeIDE.app/Contents/Eclipse/plugins/com.st.stm32cube.ide.mcu.externaltools.gnu-tools-for-stm32.9-2020-q2-update.macos64_2.0.0.202105311346/tools/bin/../lib/gcc/arm-none-eabi/9.3.1/../../../../arm-none-eabi/lib/thumb/v6-m/nofp/libc_nano.a(lib_a-sbrkr.o)
                0x0000000008006158                _sbrk_r
 .text.__sread  0x000000000800617c       0x28 /Applications/STM32CubeIDE.app/Contents/Eclipse/plugins/com.st.stm32cube.ide.mcu.externaltools.gnu-tools-for-stm32.9-2020-q2-update.macos64_2.0.0.202105311346/tools/bin/../lib/gcc/arm-none-eabi/9.3.1/../../../../arm-none-eabi/lib/thumb/v6-m/nofp/libc_nano.a(lib_a-stdio.o)
                0x000000000800617c                __sread
 .text.__swrite
                0x00000000080061a4       0x38 /Applications/STM32CubeIDE.app/Contents/Eclipse/plugins/com.st.stm32cube.ide.mcu.externaltools.gnu-tools-for-stm32.9-2020-q2-update.macos64_2.0.0.202105311346/tools/bin/../lib/gcc/arm-none-eabi/9.3.1/../../../../arm-none-eabi/lib/thumb/v6-m/nofp/libc_nano.a(lib_a-stdio.o)
                0x00000000080061a4                __swrite
 .text.__sseek  0x00000000080061dc       0x2c /Applications/STM32CubeIDE.app/Contents/Eclipse/plugins/com.st.stm32cube.ide.mcu.externaltools.gnu-tools-for-stm32.9-2020-q2-update.macos64_2.0.0.202105311346/tools/bin/../lib/gcc/arm-none-eabi/9.3.1/../../../../arm-none-eabi/lib/thumb/v6-m/nofp/libc_nano.a(lib_a-stdio.o)
                0x00000000080061dc                __sseek
 .text.__sclose
                0x0000000008006208        0xc /Applications/STM32CubeIDE.app/Contents/Eclipse/plugins/com.st.stm32cube.ide.mcu.externaltools.gnu-tools-for-stm32.9-2020-q2-update.macos64_2.0.0.202105311346/tools/bin/../lib/gcc/arm-none-eabi/9.3.1/../../../../arm-none-eabi/lib/thumb/v6-m/nofp/libc_nano.a(lib_a-stdio.o)
                0x0000000008006208                __sclose
 .text._write_r
                0x0000000008006214       0x28 /Applications/STM32CubeIDE.app/Contents/Eclipse/plugins/com.st.stm32cube.ide.mcu.externaltools.gnu-tools-for-stm32.9-2020-q2-update.macos64_2.0.0.202105311346/tools/bin/../lib/gcc/arm-none-eabi/9.3.1/../../../../arm-none-eabi/lib/thumb/v6-m/nofp/libc_nano.a(lib_a-writer.o)
                0x0000000008006214                _write_r
 .text._close_r
                0x000000000800623c       0x24 /Applications/STM32CubeIDE.app/Contents/Eclipse/plugins/com.st.stm32cube.ide.mcu.externaltools.gnu-tools-for-stm32.9-2020-q2-update.macos64_2.0.0.202105311346/tools/bin/../lib/gcc/arm-none-eabi/9.3.1/../../../../arm-none-eabi/lib/thumb/v6-m/nofp/libc_nano.a(lib_a-closer.o)
                0x000000000800623c                _close_r
 .text._fstat_r
                0x0000000008006260       0x24 /Applications/STM32CubeIDE.app/Contents/Eclipse/plugins/com.st.stm32cube.ide.mcu.externaltools.gnu-tools-for-stm32.9-2020-q2-update.macos64_2.0.0.202105311346/tools/bin/../lib/gcc/arm-none-eabi/9.3.1/../../../../arm-none-eabi/lib/thumb/v6-m/nofp/libc_nano.a(lib_a-fstatr.o)
                0x0000000008006260                _fstat_r
 .text._isatty_r
                0x0000000008006284       0x24 /Applications/STM32CubeIDE.app/Contents/Eclipse/plugins/com.st.stm32cube.ide.mcu.externaltools.gnu-tools-for-stm32.9-2020-q2-update.macos64_2.0.0.202105311346/tools/bin/../lib/gcc/arm-none-eabi/9.3.1/../../../../arm-none-eabi/lib/thumb/v6-m/nofp/libc_nano.a(lib_a-isattyr.o)
                0x0000000008006284                _isatty_r
 .text._lseek_r
                0x00000000080062a8       0x28 /Applications/STM32CubeIDE.app/Contents/Eclipse/plugins/com.st.stm32cube.ide.mcu.externaltools.gnu-tools-for-stm32.9-2020-q2-update.macos64_2.0.0.202105311346/tools/bin/../lib/gcc/arm-none-eabi/9.3.1/../../../../arm-none-eabi/lib/thumb/v6-m/nofp/libc_nano.a(lib_a-lseekr.o)
                0x00000000080062a8                _lseek_r
 .text.memchr   0x00000000080062d0       0x16 /Applications/STM32CubeIDE.app/Contents/Eclipse/plugins/com.st.stm32cube.ide.mcu.externaltools.gnu-tools-for-stm32.9-2020-q2-update.macos64_2.0.0.202105311346/tools/bin/../lib/gcc/arm-none-eabi/9.3.1/../../../../arm-none-eabi/lib/thumb/v6-m/nofp/libc_nano.a(lib_a-memchr-stub.o)
                0x00000000080062d0                memchr
 *fill*         0x00000000080062e6        0x2 
 .text.__malloc_lock
                0x00000000080062e8       0x10 /Applications/STM32CubeIDE.app/Contents/Eclipse/plugins/com.st.stm32cube.ide.mcu.externaltools.gnu-tools-for-stm32.9-2020-q2-update.macos64_2.0.0.202105311346/tools/bin/../lib/gcc/arm-none-eabi/9.3.1/../../../../arm-none-eabi/lib/thumb/v6-m/nofp/libc_nano.a(lib_a-mlock.o)
                0x00000000080062e8                __malloc_lock
 .text.__malloc_unlock
                0x00000000080062f8       0x10 /Applications/STM32CubeIDE.app/Contents/Eclipse/plugins/com.st.stm32cube.ide.mcu.externaltools.gnu-tools-for-stm32.9-2020-q2-update.macos64_2.0.0.202105311346/tools/bin/../lib/gcc/arm-none-eabi/9.3.1/../../../../arm-none-eabi/lib/thumb/v6-m/nofp/libc_nano.a(lib_a-mlock.o)
                0x00000000080062f8                __malloc_unlock
 .text._read_r  0x0000000008006308       0x28 /Applications/STM32CubeIDE.app/Contents/Eclipse/plugins/com.st.stm32cube.ide.mcu.externaltools.gnu-tools-for-stm32.9-2020-q2-update.macos64_2.0.0.202105311346/tools/bin/../lib/gcc/arm-none-eabi/9.3.1/../../../../arm-none-eabi/lib/thumb/v6-m/nofp/libc_nano.a(lib_a-readr.o)
                0x0000000008006308                _read_r
 *(.glue_7)
 .glue_7        0x0000000008006330        0x0 linker stubs
 *(.glue_7t)
 .glue_7t       0x0000000008006330        0x0 linker stubs
 *(.eh_frame)
 .eh_frame      0x0000000008006330        0x0 /Applications/STM32CubeIDE.app/Contents/Eclipse/plugins/com.st.stm32cube.ide.mcu.externaltools.gnu-tools-for-stm32.9-2020-q2-update.macos64_2.0.0.202105311346/tools/bin/../lib/gcc/arm-none-eabi/9.3.1/thumb/v6-m/nofp/crtbegin.o
 *(.init)
 .init          0x0000000008006330        0x4 /Applications/STM32CubeIDE.app/Contents/Eclipse/plugins/com.st.stm32cube.ide.mcu.externaltools.gnu-tools-for-stm32.9-2020-q2-update.macos64_2.0.0.202105311346/tools/bin/../lib/gcc/arm-none-eabi/9.3.1/thumb/v6-m/nofp/crti.o
                0x0000000008006330                _init
 .init          0x0000000008006334        0x8 /Applications/STM32CubeIDE.app/Contents/Eclipse/plugins/com.st.stm32cube.ide.mcu.externaltools.gnu-tools-for-stm32.9-2020-q2-update.macos64_2.0.0.202105311346/tools/bin/../lib/gcc/arm-none-eabi/9.3.1/thumb/v6-m/nofp/crtn.o
 *(.fini)
 .fini          0x000000000800633c        0x4 /Applications/STM32CubeIDE.app/Contents/Eclipse/plugins/com.st.stm32cube.ide.mcu.externaltools.gnu-tools-for-stm32.9-2020-q2-update.macos64_2.0.0.202105311346/tools/bin/../lib/gcc/arm-none-eabi/9.3.1/thumb/v6-m/nofp/crti.o
                0x000000000800633c                _fini
 .fini          0x0000000008006340        0x8 /Applications/STM32CubeIDE.app/Contents/Eclipse/plugins/com.st.stm32cube.ide.mcu.externaltools.gnu-tools-for-stm32.9-2020-q2-update.macos64_2.0.0.202105311346/tools/bin/../lib/gcc/arm-none-eabi/9.3.1/thumb/v6-m/nofp/crtn.o
                0x0000000008006348                . = ALIGN (0x4)
                0x0000000008006348                _etext = .

.vfp11_veneer   0x0000000008006348        0x0
 .vfp11_veneer  0x0000000008006348        0x0 linker stubs

.v4_bx          0x0000000008006348        0x0
 .v4_bx         0x0000000008006348        0x0 linker stubs

.iplt           0x0000000008006348        0x0
 .iplt          0x0000000008006348        0x0 /Applications/STM32CubeIDE.app/Contents/Eclipse/plugins/com.st.stm32cube.ide.mcu.externaltools.gnu-tools-for-stm32.9-2020-q2-update.macos64_2.0.0.202105311346/tools/bin/../lib/gcc/arm-none-eabi/9.3.1/thumb/v6-m/nofp/crtbegin.o

.rodata         0x0000000008006348      0x2fc
                0x0000000008006348                . = ALIGN (0x4)
 *(.rodata)
 .rodata        0x0000000008006348       0x28 ./Core/Src/main.o
 .rodata        0x0000000008006370      0x1cb ./Core/Src/ping.o
 *fill*         0x000000000800653b        0x1 
 .rodata        0x000000000800653c       0x20 ./Drivers/STM32F0xx_HAL_Driver/Src/stm32f0xx_hal_rcc.o
 *(.rodata*)
 .rodata.AHBPrescTable
                0x000000000800655c       0x10 ./Core/Src/system_stm32f0xx.o
                0x000000000800655c                AHBPrescTable
 .rodata.ctlwizchip
                0x000000000800656c       0x40 ./Drivers/Wiznet_Driver/Ethernet/wizchip_conf.o
 .rodata._global_impure_ptr
                0x00000000080065ac        0x4 /Applications/STM32CubeIDE.app/Contents/Eclipse/plugins/com.st.stm32cube.ide.mcu.externaltools.gnu-tools-for-stm32.9-2020-q2-update.macos64_2.0.0.202105311346/tools/bin/../lib/gcc/arm-none-eabi/9.3.1/../../../../arm-none-eabi/lib/thumb/v6-m/nofp/libc_nano.a(lib_a-impure.o)
                0x00000000080065ac                _global_impure_ptr
 .rodata.__sf_fake_stderr
                0x00000000080065b0       0x20 /Applications/STM32CubeIDE.app/Contents/Eclipse/plugins/com.st.stm32cube.ide.mcu.externaltools.gnu-tools-for-stm32.9-2020-q2-update.macos64_2.0.0.202105311346/tools/bin/../lib/gcc/arm-none-eabi/9.3.1/../../../../arm-none-eabi/lib/thumb/v6-m/nofp/libc_nano.a(lib_a-findfp.o)
                0x00000000080065b0                __sf_fake_stderr
 .rodata.__sf_fake_stdin
                0x00000000080065d0       0x20 /Applications/STM32CubeIDE.app/Contents/Eclipse/plugins/com.st.stm32cube.ide.mcu.externaltools.gnu-tools-for-stm32.9-2020-q2-update.macos64_2.0.0.202105311346/tools/bin/../lib/gcc/arm-none-eabi/9.3.1/../../../../arm-none-eabi/lib/thumb/v6-m/nofp/libc_nano.a(lib_a-findfp.o)
                0x00000000080065d0                __sf_fake_stdin
 .rodata.__sf_fake_stdout
                0x00000000080065f0       0x20 /Applications/STM32CubeIDE.app/Contents/Eclipse/plugins/com.st.stm32cube.ide.mcu.externaltools.gnu-tools-for-stm32.9-2020-q2-update.macos64_2.0.0.202105311346/tools/bin/../lib/gcc/arm-none-eabi/9.3.1/../../../../arm-none-eabi/lib/thumb/v6-m/nofp/libc_nano.a(lib_a-findfp.o)
                0x00000000080065f0                __sf_fake_stdout
 .rodata._vfprintf_r.str1.1
                0x0000000008006610       0x11 /Applications/STM32CubeIDE.app/Contents/Eclipse/plugins/com.st.stm32cube.ide.mcu.externaltools.gnu-tools-for-stm32.9-2020-q2-update.macos64_2.0.0.202105311346/tools/bin/../lib/gcc/arm-none-eabi/9.3.1/../../../../arm-none-eabi/lib/thumb/v6-m/nofp/libc_nano.a(lib_a-nano-vfprintf.o)
 .rodata._printf_i.str1.1
                0x0000000008006621       0x22 /Applications/STM32CubeIDE.app/Contents/Eclipse/plugins/com.st.stm32cube.ide.mcu.externaltools.gnu-tools-for-stm32.9-2020-q2-update.macos64_2.0.0.202105311346/tools/bin/../lib/gcc/arm-none-eabi/9.3.1/../../../../arm-none-eabi/lib/thumb/v6-m/nofp/libc_nano.a(lib_a-nano-vfprintf_i.o)
                0x0000000008006644                . = ALIGN (0x4)
 *fill*         0x0000000008006643        0x1 

.rel.dyn        0x0000000008006644        0x0
 .rel.iplt      0x0000000008006644        0x0 /Applications/STM32CubeIDE.app/Contents/Eclipse/plugins/com.st.stm32cube.ide.mcu.externaltools.gnu-tools-for-stm32.9-2020-q2-update.macos64_2.0.0.202105311346/tools/bin/../lib/gcc/arm-none-eabi/9.3.1/thumb/v6-m/nofp/crtbegin.o

.ARM.extab      0x0000000008006644        0x0
                0x0000000008006644                . = ALIGN (0x4)
 *(.ARM.extab* .gnu.linkonce.armextab.*)
                0x0000000008006644                . = ALIGN (0x4)

.ARM            0x0000000008006644        0x0
                0x0000000008006644                . = ALIGN (0x4)
                0x0000000008006644                __exidx_start = .
 *(.ARM.exidx*)
                0x0000000008006644                __exidx_end = .
                0x0000000008006644                . = ALIGN (0x4)

.preinit_array  0x0000000008006644        0x0
                0x0000000008006644                . = ALIGN (0x4)
                0x0000000008006644                PROVIDE (__preinit_array_start = .)
 *(.preinit_array*)
                0x0000000008006644                PROVIDE (__preinit_array_end = .)
                0x0000000008006644                . = ALIGN (0x4)

.init_array     0x0000000008006644        0x4
                0x0000000008006644                . = ALIGN (0x4)
                0x0000000008006644                PROVIDE (__init_array_start = .)
 *(SORT_BY_NAME(.init_array.*))
 *(.init_array*)
 .init_array    0x0000000008006644        0x4 /Applications/STM32CubeIDE.app/Contents/Eclipse/plugins/com.st.stm32cube.ide.mcu.externaltools.gnu-tools-for-stm32.9-2020-q2-update.macos64_2.0.0.202105311346/tools/bin/../lib/gcc/arm-none-eabi/9.3.1/thumb/v6-m/nofp/crtbegin.o
                0x0000000008006648                PROVIDE (__init_array_end = .)
                0x0000000008006648                . = ALIGN (0x4)

.fini_array     0x0000000008006648        0x4
                0x0000000008006648                . = ALIGN (0x4)
                [!provide]                        PROVIDE (__fini_array_start = .)
 *(SORT_BY_NAME(.fini_array.*))
 *(.fini_array*)
 .fini_array    0x0000000008006648        0x4 /Applications/STM32CubeIDE.app/Contents/Eclipse/plugins/com.st.stm32cube.ide.mcu.externaltools.gnu-tools-for-stm32.9-2020-q2-update.macos64_2.0.0.202105311346/tools/bin/../lib/gcc/arm-none-eabi/9.3.1/thumb/v6-m/nofp/crtbegin.o
                [!provide]                        PROVIDE (__fini_array_end = .)
                0x000000000800664c                . = ALIGN (0x4)
                0x000000000800664c                _sidata = LOADADDR (.data)

.data           0x0000000020000000       0xa0 load address 0x000000000800664c
                0x0000000020000000                . = ALIGN (0x4)
                0x0000000020000000                _sdata = .
 *(.data)
 *(.data*)
 .data.pDestaddr
                0x0000000020000000        0x4 ./Core/Src/main.o
                0x0000000020000000                pDestaddr
 .data.RandomID
                0x0000000020000004        0x2 ./Core/Src/ping.o
 .data.RandomSeqNum
                0x0000000020000006        0x2 ./Core/Src/ping.o
 .data.SystemCoreClock
                0x0000000020000008        0x4 ./Core/Src/system_stm32f0xx.o
                0x0000000020000008                SystemCoreClock
 .data.uwTickPrio
                0x000000002000000c        0x4 ./Drivers/STM32F0xx_HAL_Driver/Src/stm32f0xx_hal.o
                0x000000002000000c                uwTickPrio
 .data.uwTickFreq
                0x0000000020000010        0x1 ./Drivers/STM32F0xx_HAL_Driver/Src/stm32f0xx_hal.o
                0x0000000020000010                uwTickFreq
 *fill*         0x0000000020000011        0x1 
 .data.sock_any_port
                0x0000000020000012        0x2 ./Drivers/Wiznet_Driver/Ethernet/socket.o
 .data.WIZCHIP  0x0000000020000014       0x28 ./Drivers/Wiznet_Driver/Ethernet/wizchip_conf.o
                0x0000000020000014                WIZCHIP
 .data._impure_ptr
                0x000000002000003c        0x4 /Applications/STM32CubeIDE.app/Contents/Eclipse/plugins/com.st.stm32cube.ide.mcu.externaltools.gnu-tools-for-stm32.9-2020-q2-update.macos64_2.0.0.202105311346/tools/bin/../lib/gcc/arm-none-eabi/9.3.1/../../../../arm-none-eabi/lib/thumb/v6-m/nofp/libc_nano.a(lib_a-impure.o)
                0x000000002000003c                _impure_ptr
 .data.impure_data
                0x0000000020000040       0x60 /Applications/STM32CubeIDE.app/Contents/Eclipse/plugins/com.st.stm32cube.ide.mcu.externaltools.gnu-tools-for-stm32.9-2020-q2-update.macos64_2.0.0.202105311346/tools/bin/../lib/gcc/arm-none-eabi/9.3.1/../../../../arm-none-eabi/lib/thumb/v6-m/nofp/libc_nano.a(lib_a-impure.o)
 *(.RamFunc)
 *(.RamFunc*)
                0x00000000200000a0                . = ALIGN (0x4)
                0x00000000200000a0                _edata = .

.igot.plt       0x00000000200000a0        0x0 load address 0x00000000080066ec
 .igot.plt      0x00000000200000a0        0x0 /Applications/STM32CubeIDE.app/Contents/Eclipse/plugins/com.st.stm32cube.ide.mcu.externaltools.gnu-tools-for-stm32.9-2020-q2-update.macos64_2.0.0.202105311346/tools/bin/../lib/gcc/arm-none-eabi/9.3.1/thumb/v6-m/nofp/crtbegin.o
                0x00000000200000a0                . = ALIGN (0x4)

.bss            0x00000000200000a0      0x118 load address 0x00000000080066ec
                0x00000000200000a0                _sbss = .
                0x00000000200000a0                __bss_start__ = _sbss
 *(.bss)
 .bss           0x00000000200000a0       0x1c /Applications/STM32CubeIDE.app/Contents/Eclipse/plugins/com.st.stm32cube.ide.mcu.externaltools.gnu-tools-for-stm32.9-2020-q2-update.macos64_2.0.0.202105311346/tools/bin/../lib/gcc/arm-none-eabi/9.3.1/thumb/v6-m/nofp/crtbegin.o
 *(.bss*)
 .bss.ping_reply_received
                0x00000000200000bc        0x1 ./Core/Src/ping.o
                0x00000000200000bc                ping_reply_received
 .bss.req       0x00000000200000bd        0x1 ./Core/Src/ping.o
                0x00000000200000bd                req
 .bss.rep       0x00000000200000be        0x1 ./Core/Src/ping.o
                0x00000000200000be                rep
 *fill*         0x00000000200000bf        0x1 
 .bss.__sbrk_heap_end
                0x00000000200000c0        0x4 ./Core/Src/sysmem.o
 .bss.sock_io_mode
                0x00000000200000c4        0x2 ./Drivers/Wiznet_Driver/Ethernet/socket.o
 .bss.sock_is_sending
                0x00000000200000c6        0x2 ./Drivers/Wiznet_Driver/Ethernet/socket.o
 .bss.sock_remained_size
                0x00000000200000c8       0x10 ./Drivers/Wiznet_Driver/Ethernet/socket.o
 .bss.sock_pack_info
                0x00000000200000d8        0x8 ./Drivers/Wiznet_Driver/Ethernet/socket.o
 .bss._DNS_     0x00000000200000e0        0x4 ./Drivers/Wiznet_Driver/Ethernet/wizchip_conf.o
 .bss._DHCP_    0x00000000200000e4        0x1 ./Drivers/Wiznet_Driver/Ethernet/wizchip_conf.o
 *fill*         0x00000000200000e5        0x3 
 .bss.__malloc_free_list
                0x00000000200000e8        0x4 /Applications/STM32CubeIDE.app/Contents/Eclipse/plugins/com.st.stm32cube.ide.mcu.externaltools.gnu-tools-for-stm32.9-2020-q2-update.macos64_2.0.0.202105311346/tools/bin/../lib/gcc/arm-none-eabi/9.3.1/../../../../arm-none-eabi/lib/thumb/v6-m/nofp/libc_nano.a(lib_a-nano-mallocr.o)
                0x00000000200000e8                __malloc_free_list
 .bss.__malloc_sbrk_start
                0x00000000200000ec        0x4 /Applications/STM32CubeIDE.app/Contents/Eclipse/plugins/com.st.stm32cube.ide.mcu.externaltools.gnu-tools-for-stm32.9-2020-q2-update.macos64_2.0.0.202105311346/tools/bin/../lib/gcc/arm-none-eabi/9.3.1/../../../../arm-none-eabi/lib/thumb/v6-m/nofp/libc_nano.a(lib_a-nano-mallocr.o)
                0x00000000200000ec                __malloc_sbrk_start
 *(COMMON)
 COMMON         0x00000000200000f0       0x64 ./Core/Src/main.o
                0x00000000200000f0                hspi2
 COMMON         0x0000000020000154       0x50 ./Core/Src/ping.o
                0x0000000020000154                PingRequest
                0x000000002000017c                PingReply
 COMMON         0x00000000200001a4        0x4 ./Drivers/STM32F0xx_HAL_Driver/Src/stm32f0xx_hal.o
                0x00000000200001a4                uwTick
 COMMON         0x00000000200001a8        0x9 /Applications/STM32CubeIDE.app/Contents/Eclipse/plugins/com.st.stm32cube.ide.mcu.externaltools.gnu-tools-for-stm32.9-2020-q2-update.macos64_2.0.0.202105311346/tools/bin/../lib/gcc/arm-none-eabi/9.3.1/../../../../arm-none-eabi/lib/thumb/v6-m/nofp/libc_nano.a(lib_a-lock.o)
                0x00000000200001a8                __lock___atexit_recursive_mutex
                0x00000000200001a9                __lock___arc4random_mutex
                0x00000000200001aa                __lock___env_recursive_mutex
                0x00000000200001ab                __lock___sinit_recursive_mutex
                0x00000000200001ac                __lock___malloc_recursive_mutex
                0x00000000200001ad                __lock___at_quick_exit_mutex
                0x00000000200001ae                __lock___dd_hash_mutex
                0x00000000200001af                __lock___tz_mutex
                0x00000000200001b0                __lock___sfp_recursive_mutex
 *fill*         0x00000000200001b1        0x3 
 COMMON         0x00000000200001b4        0x4 /Applications/STM32CubeIDE.app/Contents/Eclipse/plugins/com.st.stm32cube.ide.mcu.externaltools.gnu-tools-for-stm32.9-2020-q2-update.macos64_2.0.0.202105311346/tools/bin/../lib/gcc/arm-none-eabi/9.3.1/../../../../arm-none-eabi/lib/thumb/v6-m/nofp/libc_nano.a(lib_a-reent.o)
                0x00000000200001b4                errno
                0x00000000200001b8                . = ALIGN (0x4)
                0x00000000200001b8                _ebss = .
                0x00000000200001b8                __bss_end__ = _ebss

._user_heap_stack
                0x00000000200001b8      0x600 load address 0x00000000080066ec
                0x00000000200001b8                . = ALIGN (0x8)
                [!provide]                        PROVIDE (end = .)
                0x00000000200001b8                PROVIDE (_end = .)
                0x00000000200003b8                . = (. + _Min_Heap_Size)
 *fill*         0x00000000200001b8      0x200 
                0x00000000200007b8                . = (. + _Min_Stack_Size)
 *fill*         0x00000000200003b8      0x400 
                0x00000000200007b8                . = ALIGN (0x8)

/DISCARD/
 libc.a(*)
 libm.a(*)
 libgcc.a(*)

.ARM.attributes
                0x0000000000000000       0x28
 *(.ARM.attributes)
 .ARM.attributes
                0x0000000000000000       0x1e /Applications/STM32CubeIDE.app/Contents/Eclipse/plugins/com.st.stm32cube.ide.mcu.externaltools.gnu-tools-for-stm32.9-2020-q2-update.macos64_2.0.0.202105311346/tools/bin/../lib/gcc/arm-none-eabi/9.3.1/thumb/v6-m/nofp/crti.o
 .ARM.attributes
                0x000000000000001e       0x2c /Applications/STM32CubeIDE.app/Contents/Eclipse/plugins/com.st.stm32cube.ide.mcu.externaltools.gnu-tools-for-stm32.9-2020-q2-update.macos64_2.0.0.202105311346/tools/bin/../lib/gcc/arm-none-eabi/9.3.1/thumb/v6-m/nofp/crtbegin.o
 .ARM.attributes
                0x000000000000004a       0x2c ./Core/Src/main.o
 .ARM.attributes
                0x0000000000000076       0x2c ./Core/Src/ping.o
 .ARM.attributes
                0x00000000000000a2       0x2c ./Core/Src/stm32f0xx_hal_msp.o
 .ARM.attributes
                0x00000000000000ce       0x2c ./Core/Src/stm32f0xx_it.o
 .ARM.attributes
                0x00000000000000fa       0x2c ./Core/Src/syscalls.o
 .ARM.attributes
                0x0000000000000126       0x2c ./Core/Src/sysmem.o
 .ARM.attributes
                0x0000000000000152       0x2c ./Core/Src/system_stm32f0xx.o
 .ARM.attributes
                0x000000000000017e       0x21 ./Core/Startup/startup_stm32f072rbtx.o
 .ARM.attributes
                0x000000000000019f       0x2c ./Drivers/STM32F0xx_HAL_Driver/Src/stm32f0xx_hal.o
 .ARM.attributes
                0x00000000000001cb       0x2c ./Drivers/STM32F0xx_HAL_Driver/Src/stm32f0xx_hal_cortex.o
 .ARM.attributes
                0x00000000000001f7       0x2c ./Drivers/STM32F0xx_HAL_Driver/Src/stm32f0xx_hal_gpio.o
 .ARM.attributes
                0x0000000000000223       0x2c ./Drivers/STM32F0xx_HAL_Driver/Src/stm32f0xx_hal_rcc.o
 .ARM.attributes
                0x000000000000024f       0x2c ./Drivers/STM32F0xx_HAL_Driver/Src/stm32f0xx_hal_rcc_ex.o
 .ARM.attributes
                0x000000000000027b       0x2c ./Drivers/STM32F0xx_HAL_Driver/Src/stm32f0xx_hal_spi.o
 .ARM.attributes
                0x00000000000002a7       0x2c ./Drivers/Wiznet_Driver/Ethernet/W5500/w5500.o
 .ARM.attributes
                0x00000000000002d3       0x2c ./Drivers/Wiznet_Driver/Ethernet/socket.o
 .ARM.attributes
                0x00000000000002ff       0x2c ./Drivers/Wiznet_Driver/Ethernet/wizchip_conf.o
 .ARM.attributes
                0x000000000000032b       0x2c /Applications/STM32CubeIDE.app/Contents/Eclipse/plugins/com.st.stm32cube.ide.mcu.externaltools.gnu-tools-for-stm32.9-2020-q2-update.macos64_2.0.0.202105311346/tools/bin/../lib/gcc/arm-none-eabi/9.3.1/../../../../arm-none-eabi/lib/thumb/v6-m/nofp/libc_nano.a(lib_a-errno.o)
 .ARM.attributes
                0x0000000000000357       0x2c /Applications/STM32CubeIDE.app/Contents/Eclipse/plugins/com.st.stm32cube.ide.mcu.externaltools.gnu-tools-for-stm32.9-2020-q2-update.macos64_2.0.0.202105311346/tools/bin/../lib/gcc/arm-none-eabi/9.3.1/../../../../arm-none-eabi/lib/thumb/v6-m/nofp/libc_nano.a(lib_a-impure.o)
 .ARM.attributes
                0x0000000000000383       0x2c /Applications/STM32CubeIDE.app/Contents/Eclipse/plugins/com.st.stm32cube.ide.mcu.externaltools.gnu-tools-for-stm32.9-2020-q2-update.macos64_2.0.0.202105311346/tools/bin/../lib/gcc/arm-none-eabi/9.3.1/../../../../arm-none-eabi/lib/thumb/v6-m/nofp/libc_nano.a(lib_a-init.o)
 .ARM.attributes
                0x00000000000003af       0x2c /Applications/STM32CubeIDE.app/Contents/Eclipse/plugins/com.st.stm32cube.ide.mcu.externaltools.gnu-tools-for-stm32.9-2020-q2-update.macos64_2.0.0.202105311346/tools/bin/../lib/gcc/arm-none-eabi/9.3.1/../../../../arm-none-eabi/lib/thumb/v6-m/nofp/libc_nano.a(lib_a-memcpy-stub.o)
 .ARM.attributes
                0x00000000000003db       0x2c /Applications/STM32CubeIDE.app/Contents/Eclipse/plugins/com.st.stm32cube.ide.mcu.externaltools.gnu-tools-for-stm32.9-2020-q2-update.macos64_2.0.0.202105311346/tools/bin/../lib/gcc/arm-none-eabi/9.3.1/../../../../arm-none-eabi/lib/thumb/v6-m/nofp/libc_nano.a(lib_a-memset.o)
 .ARM.attributes
                0x0000000000000407       0x2c /Applications/STM32CubeIDE.app/Contents/Eclipse/plugins/com.st.stm32cube.ide.mcu.externaltools.gnu-tools-for-stm32.9-2020-q2-update.macos64_2.0.0.202105311346/tools/bin/../lib/gcc/arm-none-eabi/9.3.1/../../../../arm-none-eabi/lib/thumb/v6-m/nofp/libc_nano.a(lib_a-printf.o)
 .ARM.attributes
                0x0000000000000433       0x2c /Applications/STM32CubeIDE.app/Contents/Eclipse/plugins/com.st.stm32cube.ide.mcu.externaltools.gnu-tools-for-stm32.9-2020-q2-update.macos64_2.0.0.202105311346/tools/bin/../lib/gcc/arm-none-eabi/9.3.1/../../../../arm-none-eabi/lib/thumb/v6-m/nofp/libc_nano.a(lib_a-puts.o)
 .ARM.attributes
                0x000000000000045f       0x2c /Applications/STM32CubeIDE.app/Contents/Eclipse/plugins/com.st.stm32cube.ide.mcu.externaltools.gnu-tools-for-stm32.9-2020-q2-update.macos64_2.0.0.202105311346/tools/bin/../lib/gcc/arm-none-eabi/9.3.1/../../../../arm-none-eabi/lib/thumb/v6-m/nofp/libc_nano.a(lib_a-wbuf.o)
 .ARM.attributes
                0x000000000000048b       0x2c /Applications/STM32CubeIDE.app/Contents/Eclipse/plugins/com.st.stm32cube.ide.mcu.externaltools.gnu-tools-for-stm32.9-2020-q2-update.macos64_2.0.0.202105311346/tools/bin/../lib/gcc/arm-none-eabi/9.3.1/../../../../arm-none-eabi/lib/thumb/v6-m/nofp/libc_nano.a(lib_a-wsetup.o)
 .ARM.attributes
                0x00000000000004b7       0x2c /Applications/STM32CubeIDE.app/Contents/Eclipse/plugins/com.st.stm32cube.ide.mcu.externaltools.gnu-tools-for-stm32.9-2020-q2-update.macos64_2.0.0.202105311346/tools/bin/../lib/gcc/arm-none-eabi/9.3.1/../../../../arm-none-eabi/lib/thumb/v6-m/nofp/libc_nano.a(lib_a-fflush.o)
 .ARM.attributes
                0x00000000000004e3       0x2c /Applications/STM32CubeIDE.app/Contents/Eclipse/plugins/com.st.stm32cube.ide.mcu.externaltools.gnu-tools-for-stm32.9-2020-q2-update.macos64_2.0.0.202105311346/tools/bin/../lib/gcc/arm-none-eabi/9.3.1/../../../../arm-none-eabi/lib/thumb/v6-m/nofp/libc_nano.a(lib_a-findfp.o)
 .ARM.attributes
                0x000000000000050f       0x2c /Applications/STM32CubeIDE.app/Contents/Eclipse/plugins/com.st.stm32cube.ide.mcu.externaltools.gnu-tools-for-stm32.9-2020-q2-update.macos64_2.0.0.202105311346/tools/bin/../lib/gcc/arm-none-eabi/9.3.1/../../../../arm-none-eabi/lib/thumb/v6-m/nofp/libc_nano.a(lib_a-fwalk.o)
 .ARM.attributes
                0x000000000000053b       0x2c /Applications/STM32CubeIDE.app/Contents/Eclipse/plugins/com.st.stm32cube.ide.mcu.externaltools.gnu-tools-for-stm32.9-2020-q2-update.macos64_2.0.0.202105311346/tools/bin/../lib/gcc/arm-none-eabi/9.3.1/../../../../arm-none-eabi/lib/thumb/v6-m/nofp/libc_nano.a(lib_a-lock.o)
 .ARM.attributes
                0x0000000000000567       0x2c /Applications/STM32CubeIDE.app/Contents/Eclipse/plugins/com.st.stm32cube.ide.mcu.externaltools.gnu-tools-for-stm32.9-2020-q2-update.macos64_2.0.0.202105311346/tools/bin/../lib/gcc/arm-none-eabi/9.3.1/../../../../arm-none-eabi/lib/thumb/v6-m/nofp/libc_nano.a(lib_a-makebuf.o)
 .ARM.attributes
                0x0000000000000593       0x2c /Applications/STM32CubeIDE.app/Contents/Eclipse/plugins/com.st.stm32cube.ide.mcu.externaltools.gnu-tools-for-stm32.9-2020-q2-update.macos64_2.0.0.202105311346/tools/bin/../lib/gcc/arm-none-eabi/9.3.1/../../../../arm-none-eabi/lib/thumb/v6-m/nofp/libc_nano.a(lib_a-nano-freer.o)
 .ARM.attributes
                0x00000000000005bf       0x2c /Applications/STM32CubeIDE.app/Contents/Eclipse/plugins/com.st.stm32cube.ide.mcu.externaltools.gnu-tools-for-stm32.9-2020-q2-update.macos64_2.0.0.202105311346/tools/bin/../lib/gcc/arm-none-eabi/9.3.1/../../../../arm-none-eabi/lib/thumb/v6-m/nofp/libc_nano.a(lib_a-nano-mallocr.o)
 .ARM.attributes
                0x00000000000005eb       0x2c /Applications/STM32CubeIDE.app/Contents/Eclipse/plugins/com.st.stm32cube.ide.mcu.externaltools.gnu-tools-for-stm32.9-2020-q2-update.macos64_2.0.0.202105311346/tools/bin/../lib/gcc/arm-none-eabi/9.3.1/../../../../arm-none-eabi/lib/thumb/v6-m/nofp/libc_nano.a(lib_a-nano-vfprintf.o)
 .ARM.attributes
                0x0000000000000617       0x2c /Applications/STM32CubeIDE.app/Contents/Eclipse/plugins/com.st.stm32cube.ide.mcu.externaltools.gnu-tools-for-stm32.9-2020-q2-update.macos64_2.0.0.202105311346/tools/bin/../lib/gcc/arm-none-eabi/9.3.1/../../../../arm-none-eabi/lib/thumb/v6-m/nofp/libc_nano.a(lib_a-nano-vfprintf_i.o)
 .ARM.attributes
                0x0000000000000643       0x2c /Applications/STM32CubeIDE.app/Contents/Eclipse/plugins/com.st.stm32cube.ide.mcu.externaltools.gnu-tools-for-stm32.9-2020-q2-update.macos64_2.0.0.202105311346/tools/bin/../lib/gcc/arm-none-eabi/9.3.1/../../../../arm-none-eabi/lib/thumb/v6-m/nofp/libc_nano.a(lib_a-sbrkr.o)
 .ARM.attributes
                0x000000000000066f       0x2c /Applications/STM32CubeIDE.app/Contents/Eclipse/plugins/com.st.stm32cube.ide.mcu.externaltools.gnu-tools-for-stm32.9-2020-q2-update.macos64_2.0.0.202105311346/tools/bin/../lib/gcc/arm-none-eabi/9.3.1/../../../../arm-none-eabi/lib/thumb/v6-m/nofp/libc_nano.a(lib_a-stdio.o)
 .ARM.attributes
                0x000000000000069b       0x2c /Applications/STM32CubeIDE.app/Contents/Eclipse/plugins/com.st.stm32cube.ide.mcu.externaltools.gnu-tools-for-stm32.9-2020-q2-update.macos64_2.0.0.202105311346/tools/bin/../lib/gcc/arm-none-eabi/9.3.1/../../../../arm-none-eabi/lib/thumb/v6-m/nofp/libc_nano.a(lib_a-writer.o)
 .ARM.attributes
                0x00000000000006c7       0x2c /Applications/STM32CubeIDE.app/Contents/Eclipse/plugins/com.st.stm32cube.ide.mcu.externaltools.gnu-tools-for-stm32.9-2020-q2-update.macos64_2.0.0.202105311346/tools/bin/../lib/gcc/arm-none-eabi/9.3.1/../../../../arm-none-eabi/lib/thumb/v6-m/nofp/libc_nano.a(lib_a-closer.o)
 .ARM.attributes
                0x00000000000006f3       0x2c /Applications/STM32CubeIDE.app/Contents/Eclipse/plugins/com.st.stm32cube.ide.mcu.externaltools.gnu-tools-for-stm32.9-2020-q2-update.macos64_2.0.0.202105311346/tools/bin/../lib/gcc/arm-none-eabi/9.3.1/../../../../arm-none-eabi/lib/thumb/v6-m/nofp/libc_nano.a(lib_a-fstatr.o)
 .ARM.attributes
                0x000000000000071f       0x2c /Applications/STM32CubeIDE.app/Contents/Eclipse/plugins/com.st.stm32cube.ide.mcu.externaltools.gnu-tools-for-stm32.9-2020-q2-update.macos64_2.0.0.202105311346/tools/bin/../lib/gcc/arm-none-eabi/9.3.1/../../../../arm-none-eabi/lib/thumb/v6-m/nofp/libc_nano.a(lib_a-isattyr.o)
 .ARM.attributes
                0x000000000000074b       0x2c /Applications/STM32CubeIDE.app/Contents/Eclipse/plugins/com.st.stm32cube.ide.mcu.externaltools.gnu-tools-for-stm32.9-2020-q2-update.macos64_2.0.0.202105311346/tools/bin/../lib/gcc/arm-none-eabi/9.3.1/../../../../arm-none-eabi/lib/thumb/v6-m/nofp/libc_nano.a(lib_a-lseekr.o)
 .ARM.attributes
                0x0000000000000777       0x2c /Applications/STM32CubeIDE.app/Contents/Eclipse/plugins/com.st.stm32cube.ide.mcu.externaltools.gnu-tools-for-stm32.9-2020-q2-update.macos64_2.0.0.202105311346/tools/bin/../lib/gcc/arm-none-eabi/9.3.1/../../../../arm-none-eabi/lib/thumb/v6-m/nofp/libc_nano.a(lib_a-memchr-stub.o)
 .ARM.attributes
                0x00000000000007a3       0x2c /Applications/STM32CubeIDE.app/Contents/Eclipse/plugins/com.st.stm32cube.ide.mcu.externaltools.gnu-tools-for-stm32.9-2020-q2-update.macos64_2.0.0.202105311346/tools/bin/../lib/gcc/arm-none-eabi/9.3.1/../../../../arm-none-eabi/lib/thumb/v6-m/nofp/libc_nano.a(lib_a-mlock.o)
 .ARM.attributes
                0x00000000000007cf       0x2c /Applications/STM32CubeIDE.app/Contents/Eclipse/plugins/com.st.stm32cube.ide.mcu.externaltools.gnu-tools-for-stm32.9-2020-q2-update.macos64_2.0.0.202105311346/tools/bin/../lib/gcc/arm-none-eabi/9.3.1/../../../../arm-none-eabi/lib/thumb/v6-m/nofp/libc_nano.a(lib_a-readr.o)
 .ARM.attributes
                0x00000000000007fb       0x2c /Applications/STM32CubeIDE.app/Contents/Eclipse/plugins/com.st.stm32cube.ide.mcu.externaltools.gnu-tools-for-stm32.9-2020-q2-update.macos64_2.0.0.202105311346/tools/bin/../lib/gcc/arm-none-eabi/9.3.1/../../../../arm-none-eabi/lib/thumb/v6-m/nofp/libc_nano.a(lib_a-reent.o)
 .ARM.attributes
                0x0000000000000827       0x1e /Applications/STM32CubeIDE.app/Contents/Eclipse/plugins/com.st.stm32cube.ide.mcu.externaltools.gnu-tools-for-stm32.9-2020-q2-update.macos64_2.0.0.202105311346/tools/bin/../lib/gcc/arm-none-eabi/9.3.1/thumb/v6-m/nofp/libgcc.a(_thumb1_case_shi.o)
 .ARM.attributes
                0x0000000000000845       0x1e /Applications/STM32CubeIDE.app/Contents/Eclipse/plugins/com.st.stm32cube.ide.mcu.externaltools.gnu-tools-for-stm32.9-2020-q2-update.macos64_2.0.0.202105311346/tools/bin/../lib/gcc/arm-none-eabi/9.3.1/thumb/v6-m/nofp/libgcc.a(_udivsi3.o)
 .ARM.attributes
                0x0000000000000863       0x1e /Applications/STM32CubeIDE.app/Contents/Eclipse/plugins/com.st.stm32cube.ide.mcu.externaltools.gnu-tools-for-stm32.9-2020-q2-update.macos64_2.0.0.202105311346/tools/bin/../lib/gcc/arm-none-eabi/9.3.1/thumb/v6-m/nofp/libgcc.a(_dvmd_tls.o)
 .ARM.attributes
                0x0000000000000881       0x1e /Applications/STM32CubeIDE.app/Contents/Eclipse/plugins/com.st.stm32cube.ide.mcu.externaltools.gnu-tools-for-stm32.9-2020-q2-update.macos64_2.0.0.202105311346/tools/bin/../lib/gcc/arm-none-eabi/9.3.1/thumb/v6-m/nofp/crtn.o
OUTPUT(WiznetTest.elf elf32-littlearm)
LOAD linker stubs
LOAD /Applications/STM32CubeIDE.app/Contents/Eclipse/plugins/com.st.stm32cube.ide.mcu.externaltools.gnu-tools-for-stm32.9-2020-q2-update.macos64_2.0.0.202105311346/tools/bin/../lib/gcc/arm-none-eabi/9.3.1/../../../../arm-none-eabi/lib/thumb/v6-m/nofp/libc.a
LOAD /Applications/STM32CubeIDE.app/Contents/Eclipse/plugins/com.st.stm32cube.ide.mcu.externaltools.gnu-tools-for-stm32.9-2020-q2-update.macos64_2.0.0.202105311346/tools/bin/../lib/gcc/arm-none-eabi/9.3.1/../../../../arm-none-eabi/lib/thumb/v6-m/nofp/libm.a
LOAD /Applications/STM32CubeIDE.app/Contents/Eclipse/plugins/com.st.stm32cube.ide.mcu.externaltools.gnu-tools-for-stm32.9-2020-q2-update.macos64_2.0.0.202105311346/tools/bin/../lib/gcc/arm-none-eabi/9.3.1/thumb/v6-m/nofp/libgcc.a

.debug_info     0x0000000000000000     0x982d
 .debug_info    0x0000000000000000     0x1098 ./Core/Src/main.o
 .debug_info    0x0000000000001098      0x8c6 ./Core/Src/ping.o
 .debug_info    0x000000000000195e      0x926 ./Core/Src/stm32f0xx_hal_msp.o
 .debug_info    0x0000000000002284      0x1b3 ./Core/Src/stm32f0xx_it.o
 .debug_info    0x0000000000002437      0xfa8 ./Core/Src/syscalls.o
 .debug_info    0x00000000000033df      0xa25 ./Core/Src/sysmem.o
 .debug_info    0x0000000000003e04      0x2c3 ./Core/Src/system_stm32f0xx.o
 .debug_info    0x00000000000040c7       0x22 ./Core/Startup/startup_stm32f072rbtx.o
 .debug_info    0x00000000000040e9      0x717 ./Drivers/STM32F0xx_HAL_Driver/Src/stm32f0xx_hal.o
 .debug_info    0x0000000000004800      0x7e8 ./Drivers/STM32F0xx_HAL_Driver/Src/stm32f0xx_hal_cortex.o
 .debug_info    0x0000000000004fe8      0x6ed ./Drivers/STM32F0xx_HAL_Driver/Src/stm32f0xx_hal_gpio.o
 .debug_info    0x00000000000056d5      0x8b1 ./Drivers/STM32F0xx_HAL_Driver/Src/stm32f0xx_hal_rcc.o
 .debug_info    0x0000000000005f86      0x6da ./Drivers/STM32F0xx_HAL_Driver/Src/stm32f0xx_hal_rcc_ex.o
 .debug_info    0x0000000000006660     0x1796 ./Drivers/STM32F0xx_HAL_Driver/Src/stm32f0xx_hal_spi.o
 .debug_info    0x0000000000007df6      0x578 ./Drivers/Wiznet_Driver/Ethernet/W5500/w5500.o
 .debug_info    0x000000000000836e      0x821 ./Drivers/Wiznet_Driver/Ethernet/socket.o
 .debug_info    0x0000000000008b8f      0xc9e ./Drivers/Wiznet_Driver/Ethernet/wizchip_conf.o

.debug_abbrev   0x0000000000000000     0x2136
 .debug_abbrev  0x0000000000000000      0x2dd ./Core/Src/main.o
 .debug_abbrev  0x00000000000002dd      0x27e ./Core/Src/ping.o
 .debug_abbrev  0x000000000000055b      0x1ac ./Core/Src/stm32f0xx_hal_msp.o
 .debug_abbrev  0x0000000000000707       0xd2 ./Core/Src/stm32f0xx_it.o
 .debug_abbrev  0x00000000000007d9      0x286 ./Core/Src/syscalls.o
 .debug_abbrev  0x0000000000000a5f      0x1bf ./Core/Src/sysmem.o
 .debug_abbrev  0x0000000000000c1e      0x145 ./Core/Src/system_stm32f0xx.o
 .debug_abbrev  0x0000000000000d63       0x12 ./Core/Startup/startup_stm32f072rbtx.o
 .debug_abbrev  0x0000000000000d75      0x1ed ./Drivers/STM32F0xx_HAL_Driver/Src/stm32f0xx_hal.o
 .debug_abbrev  0x0000000000000f62      0x2a9 ./Drivers/STM32F0xx_HAL_Driver/Src/stm32f0xx_hal_cortex.o
 .debug_abbrev  0x000000000000120b      0x1e8 ./Drivers/STM32F0xx_HAL_Driver/Src/stm32f0xx_hal_gpio.o
 .debug_abbrev  0x00000000000013f3      0x23b ./Drivers/STM32F0xx_HAL_Driver/Src/stm32f0xx_hal_rcc.o
 .debug_abbrev  0x000000000000162e      0x1c9 ./Drivers/STM32F0xx_HAL_Driver/Src/stm32f0xx_hal_rcc_ex.o
 .debug_abbrev  0x00000000000017f7      0x254 ./Drivers/STM32F0xx_HAL_Driver/Src/stm32f0xx_hal_spi.o
 .debug_abbrev  0x0000000000001a4b      0x1e0 ./Drivers/Wiznet_Driver/Ethernet/W5500/w5500.o
 .debug_abbrev  0x0000000000001c2b      0x21a ./Drivers/Wiznet_Driver/Ethernet/socket.o
 .debug_abbrev  0x0000000000001e45      0x2f1 ./Drivers/Wiznet_Driver/Ethernet/wizchip_conf.o

.debug_aranges  0x0000000000000000      0x910
 .debug_aranges
                0x0000000000000000       0x78 ./Core/Src/main.o
 .debug_aranges
                0x0000000000000078       0x48 ./Core/Src/ping.o
 .debug_aranges
                0x00000000000000c0       0x30 ./Core/Src/stm32f0xx_hal_msp.o
 .debug_aranges
                0x00000000000000f0       0x40 ./Core/Src/stm32f0xx_it.o
 .debug_aranges
                0x0000000000000130       0xa8 ./Core/Src/syscalls.o
 .debug_aranges
                0x00000000000001d8       0x20 ./Core/Src/sysmem.o
 .debug_aranges
                0x00000000000001f8       0x28 ./Core/Src/system_stm32f0xx.o
 .debug_aranges
                0x0000000000000220       0x28 ./Core/Startup/startup_stm32f072rbtx.o
 .debug_aranges
                0x0000000000000248       0xd0 ./Drivers/STM32F0xx_HAL_Driver/Src/stm32f0xx_hal.o
 .debug_aranges
                0x0000000000000318       0xc0 ./Drivers/STM32F0xx_HAL_Driver/Src/stm32f0xx_hal_cortex.o
 .debug_aranges
                0x00000000000003d8       0x58 ./Drivers/STM32F0xx_HAL_Driver/Src/stm32f0xx_hal_gpio.o
 .debug_aranges
                0x0000000000000430       0x80 ./Drivers/STM32F0xx_HAL_Driver/Src/stm32f0xx_hal_rcc.o
 .debug_aranges
                0x00000000000004b0       0x78 ./Drivers/STM32F0xx_HAL_Driver/Src/stm32f0xx_hal_rcc_ex.o
 .debug_aranges
                0x0000000000000528      0x1d8 ./Drivers/STM32F0xx_HAL_Driver/Src/stm32f0xx_hal_spi.o
 .debug_aranges
                0x0000000000000700       0x60 ./Drivers/Wiznet_Driver/Ethernet/W5500/w5500.o
 .debug_aranges
                0x0000000000000760       0x78 ./Drivers/Wiznet_Driver/Ethernet/socket.o
 .debug_aranges
                0x00000000000007d8      0x138 ./Drivers/Wiznet_Driver/Ethernet/wizchip_conf.o

.debug_ranges   0x0000000000000000      0x808
 .debug_ranges  0x0000000000000000       0x68 ./Core/Src/main.o
 .debug_ranges  0x0000000000000068       0x38 ./Core/Src/ping.o
 .debug_ranges  0x00000000000000a0       0x20 ./Core/Src/stm32f0xx_hal_msp.o
 .debug_ranges  0x00000000000000c0       0x30 ./Core/Src/stm32f0xx_it.o
 .debug_ranges  0x00000000000000f0       0x98 ./Core/Src/syscalls.o
 .debug_ranges  0x0000000000000188       0x10 ./Core/Src/sysmem.o
 .debug_ranges  0x0000000000000198       0x18 ./Core/Src/system_stm32f0xx.o
 .debug_ranges  0x00000000000001b0       0x20 ./Core/Startup/startup_stm32f072rbtx.o
 .debug_ranges  0x00000000000001d0       0xc0 ./Drivers/STM32F0xx_HAL_Driver/Src/stm32f0xx_hal.o
 .debug_ranges  0x0000000000000290       0xb0 ./Drivers/STM32F0xx_HAL_Driver/Src/stm32f0xx_hal_cortex.o
 .debug_ranges  0x0000000000000340       0x48 ./Drivers/STM32F0xx_HAL_Driver/Src/stm32f0xx_hal_gpio.o
 .debug_ranges  0x0000000000000388       0x70 ./Drivers/STM32F0xx_HAL_Driver/Src/stm32f0xx_hal_rcc.o
 .debug_ranges  0x00000000000003f8       0x68 ./Drivers/STM32F0xx_HAL_Driver/Src/stm32f0xx_hal_rcc_ex.o
 .debug_ranges  0x0000000000000460      0x1c8 ./Drivers/STM32F0xx_HAL_Driver/Src/stm32f0xx_hal_spi.o
 .debug_ranges  0x0000000000000628       0x50 ./Drivers/Wiznet_Driver/Ethernet/W5500/w5500.o
 .debug_ranges  0x0000000000000678       0x68 ./Drivers/Wiznet_Driver/Ethernet/socket.o
 .debug_ranges  0x00000000000006e0      0x128 ./Drivers/Wiznet_Driver/Ethernet/wizchip_conf.o

.debug_macro    0x0000000000000000    0x19fc0
 .debug_macro   0x0000000000000000      0x214 ./Core/Src/main.o
 .debug_macro   0x0000000000000214      0xa7e ./Core/Src/main.o
 .debug_macro   0x0000000000000c92      0x12d ./Core/Src/main.o
 .debug_macro   0x0000000000000dbf       0x2e ./Core/Src/main.o
 .debug_macro   0x0000000000000ded       0x22 ./Core/Src/main.o
 .debug_macro   0x0000000000000e0f       0x22 ./Core/Src/main.o
 .debug_macro   0x0000000000000e31       0x8e ./Core/Src/main.o
 .debug_macro   0x0000000000000ebf       0x51 ./Core/Src/main.o
 .debug_macro   0x0000000000000f10      0x103 ./Core/Src/main.o
 .debug_macro   0x0000000000001013       0x6a ./Core/Src/main.o
 .debug_macro   0x000000000000107d      0x1df ./Core/Src/main.o
 .debug_macro   0x000000000000125c       0x1c ./Core/Src/main.o
 .debug_macro   0x0000000000001278       0x22 ./Core/Src/main.o
 .debug_macro   0x000000000000129a       0xb5 ./Core/Src/main.o
 .debug_macro   0x000000000000134f      0x391 ./Core/Src/main.o
 .debug_macro   0x00000000000016e0     0xfe50 ./Core/Src/main.o
 .debug_macro   0x0000000000011530       0x3c ./Core/Src/main.o
 .debug_macro   0x000000000001156c     0x3461 ./Core/Src/main.o
 .debug_macro   0x00000000000149cd      0x174 ./Core/Src/main.o
 .debug_macro   0x0000000000014b41       0x55 ./Core/Src/main.o
 .debug_macro   0x0000000000014b96      0x946 ./Core/Src/main.o
 .debug_macro   0x00000000000154dc      0x5f3 ./Core/Src/main.o
 .debug_macro   0x0000000000015acf      0x12f ./Core/Src/main.o
 .debug_macro   0x0000000000015bfe      0x1a7 ./Core/Src/main.o
 .debug_macro   0x0000000000015da5      0x1a7 ./Core/Src/main.o
 .debug_macro   0x0000000000015f4c      0x22c ./Core/Src/main.o
 .debug_macro   0x0000000000016178       0x34 ./Core/Src/main.o
 .debug_macro   0x00000000000161ac       0x43 ./Core/Src/main.o
 .debug_macro   0x00000000000161ef       0x28 ./Core/Src/main.o
 .debug_macro   0x0000000000016217       0xb0 ./Core/Src/main.o
 .debug_macro   0x00000000000162c7      0x217 ./Core/Src/main.o
 .debug_macro   0x00000000000164de      0x22c ./Core/Src/main.o
 .debug_macro   0x000000000001670a       0x60 ./Core/Src/main.o
 .debug_macro   0x000000000001676a       0xa5 ./Core/Src/main.o
 .debug_macro   0x000000000001680f       0x4c ./Core/Src/main.o
 .debug_macro   0x000000000001685b      0x16d ./Core/Src/main.o
 .debug_macro   0x00000000000169c8      0x2fe ./Core/Src/main.o
 .debug_macro   0x0000000000016cc6      0x130 ./Core/Src/main.o
 .debug_macro   0x0000000000016df6       0x3a ./Core/Src/main.o
 .debug_macro   0x0000000000016e30      0x5ed ./Core/Src/main.o
 .debug_macro   0x000000000001741d       0x64 ./Core/Src/main.o
 .debug_macro   0x0000000000017481       0x3a ./Core/Src/main.o
 .debug_macro   0x00000000000174bb       0xcd ./Core/Src/main.o
 .debug_macro   0x0000000000017588       0x99 ./Core/Src/ping.o
 .debug_macro   0x0000000000017621       0x34 ./Core/Src/ping.o
 .debug_macro   0x0000000000017655      0x1b9 ./Core/Src/stm32f0xx_hal_msp.o
 .debug_macro   0x000000000001780e      0x1c3 ./Core/Src/stm32f0xx_it.o
 .debug_macro   0x00000000000179d1      0x24c ./Core/Src/syscalls.o
 .debug_macro   0x0000000000017c1d       0x4c ./Core/Src/syscalls.o
 .debug_macro   0x0000000000017c69       0x18 ./Core/Src/syscalls.o
 .debug_macro   0x0000000000017c81       0x94 ./Core/Src/syscalls.o
 .debug_macro   0x0000000000017d15       0x3c ./Core/Src/syscalls.o
 .debug_macro   0x0000000000017d51       0x34 ./Core/Src/syscalls.o
 .debug_macro   0x0000000000017d85       0x57 ./Core/Src/syscalls.o
 .debug_macro   0x0000000000017ddc      0x339 ./Core/Src/syscalls.o
 .debug_macro   0x0000000000018115       0x16 ./Core/Src/syscalls.o
 .debug_macro   0x000000000001812b       0x43 ./Core/Src/syscalls.o
 .debug_macro   0x000000000001816e       0x34 ./Core/Src/syscalls.o
 .debug_macro   0x00000000000181a2       0x10 ./Core/Src/syscalls.o
 .debug_macro   0x00000000000181b2       0x58 ./Core/Src/syscalls.o
 .debug_macro   0x000000000001820a       0x71 ./Core/Src/syscalls.o
 .debug_macro   0x000000000001827b       0x1c ./Core/Src/syscalls.o
 .debug_macro   0x0000000000018297      0x12a ./Core/Src/syscalls.o
 .debug_macro   0x00000000000183c1       0x10 ./Core/Src/syscalls.o
 .debug_macro   0x00000000000183d1       0x35 ./Core/Src/syscalls.o
 .debug_macro   0x0000000000018406       0x10 ./Core/Src/syscalls.o
 .debug_macro   0x0000000000018416       0x10 ./Core/Src/syscalls.o
 .debug_macro   0x0000000000018426       0x10 ./Core/Src/syscalls.o
 .debug_macro   0x0000000000018436       0x1c ./Core/Src/syscalls.o
 .debug_macro   0x0000000000018452       0x52 ./Core/Src/syscalls.o
 .debug_macro   0x00000000000184a4       0x22 ./Core/Src/syscalls.o
 .debug_macro   0x00000000000184c6       0x10 ./Core/Src/syscalls.o
 .debug_macro   0x00000000000184d6       0x40 ./Core/Src/syscalls.o
 .debug_macro   0x0000000000018516       0xd5 ./Core/Src/syscalls.o
 .debug_macro   0x00000000000185eb       0x1c ./Core/Src/syscalls.o
 .debug_macro   0x0000000000018607       0x3d ./Core/Src/syscalls.o
 .debug_macro   0x0000000000018644       0x35 ./Core/Src/syscalls.o
 .debug_macro   0x0000000000018679      0x12c ./Core/Src/syscalls.o
 .debug_macro   0x00000000000187a5       0x16 ./Core/Src/syscalls.o
 .debug_macro   0x00000000000187bb       0x16 ./Core/Src/syscalls.o
 .debug_macro   0x00000000000187d1       0x29 ./Core/Src/syscalls.o
 .debug_macro   0x00000000000187fa       0x10 ./Core/Src/syscalls.o
 .debug_macro   0x000000000001880a      0x241 ./Core/Src/syscalls.o
 .debug_macro   0x0000000000018a4b       0x1c ./Core/Src/syscalls.o
 .debug_macro   0x0000000000018a67       0x10 ./Core/Src/syscalls.o
 .debug_macro   0x0000000000018a77       0x10 ./Core/Src/syscalls.o
 .debug_macro   0x0000000000018a87       0x16 ./Core/Src/syscalls.o
 .debug_macro   0x0000000000018a9d      0x145 ./Core/Src/syscalls.o
 .debug_macro   0x0000000000018be2      0x189 ./Core/Src/syscalls.o
 .debug_macro   0x0000000000018d6b       0x16 ./Core/Src/syscalls.o
 .debug_macro   0x0000000000018d81       0xce ./Core/Src/syscalls.o
 .debug_macro   0x0000000000018e4f       0xff ./Core/Src/sysmem.o
 .debug_macro   0x0000000000018f4e      0x23b ./Core/Src/sysmem.o
 .debug_macro   0x0000000000019189      0x1af ./Core/Src/system_stm32f0xx.o
 .debug_macro   0x0000000000019338      0x1d3 ./Drivers/STM32F0xx_HAL_Driver/Src/stm32f0xx_hal.o
 .debug_macro   0x000000000001950b      0x1af ./Drivers/STM32F0xx_HAL_Driver/Src/stm32f0xx_hal_cortex.o
 .debug_macro   0x00000000000196ba      0x1e7 ./Drivers/STM32F0xx_HAL_Driver/Src/stm32f0xx_hal_gpio.o
 .debug_macro   0x00000000000198a1      0x1c1 ./Drivers/STM32F0xx_HAL_Driver/Src/stm32f0xx_hal_rcc.o
 .debug_macro   0x0000000000019a62      0x1c1 ./Drivers/STM32F0xx_HAL_Driver/Src/stm32f0xx_hal_rcc_ex.o
 .debug_macro   0x0000000000019c23      0x1b7 ./Drivers/STM32F0xx_HAL_Driver/Src/stm32f0xx_hal_spi.o
 .debug_macro   0x0000000000019dda       0x9c ./Drivers/Wiznet_Driver/Ethernet/W5500/w5500.o
 .debug_macro   0x0000000000019e76       0xb7 ./Drivers/Wiznet_Driver/Ethernet/socket.o
 .debug_macro   0x0000000000019f2d       0x93 ./Drivers/Wiznet_Driver/Ethernet/wizchip_conf.o

.debug_line     0x0000000000000000     0xb1f4
 .debug_line    0x0000000000000000      0xba6 ./Core/Src/main.o
 .debug_line    0x0000000000000ba6      0x971 ./Core/Src/ping.o
 .debug_line    0x0000000000001517      0x72e ./Core/Src/stm32f0xx_hal_msp.o
 .debug_line    0x0000000000001c45      0x744 ./Core/Src/stm32f0xx_it.o
 .debug_line    0x0000000000002389      0x83e ./Core/Src/syscalls.o
 .debug_line    0x0000000000002bc7      0x534 ./Core/Src/sysmem.o
 .debug_line    0x00000000000030fb      0x767 ./Core/Src/system_stm32f0xx.o
 .debug_line    0x0000000000003862       0x89 ./Core/Startup/startup_stm32f072rbtx.o
 .debug_line    0x00000000000038eb      0x95a ./Drivers/STM32F0xx_HAL_Driver/Src/stm32f0xx_hal.o
 .debug_line    0x0000000000004245      0xa06 ./Drivers/STM32F0xx_HAL_Driver/Src/stm32f0xx_hal_cortex.o
 .debug_line    0x0000000000004c4b      0xaf6 ./Drivers/STM32F0xx_HAL_Driver/Src/stm32f0xx_hal_gpio.o
 .debug_line    0x0000000000005741      0xde9 ./Drivers/STM32F0xx_HAL_Driver/Src/stm32f0xx_hal_rcc.o
 .debug_line    0x000000000000652a      0xbfa ./Drivers/STM32F0xx_HAL_Driver/Src/stm32f0xx_hal_rcc_ex.o
 .debug_line    0x0000000000007124     0x1e5c ./Drivers/STM32F0xx_HAL_Driver/Src/stm32f0xx_hal_spi.o
 .debug_line    0x0000000000008f80      0x837 ./Drivers/Wiznet_Driver/Ethernet/W5500/w5500.o
 .debug_line    0x00000000000097b7      0xe75 ./Drivers/Wiznet_Driver/Ethernet/socket.o
 .debug_line    0x000000000000a62c      0xbc8 ./Drivers/Wiznet_Driver/Ethernet/wizchip_conf.o

.debug_str      0x0000000000000000    0x92c42
 .debug_str     0x0000000000000000    0x8b4ae ./Core/Src/main.o
                                      0x8b7e6 (size before relaxing)
 .debug_str     0x000000000008b4ae      0x139 ./Core/Src/ping.o
                                       0x6961 (size before relaxing)
 .debug_str     0x000000000008b5e7       0x53 ./Core/Src/stm32f0xx_hal_msp.o
                                      0x883cc (size before relaxing)
 .debug_str     0x000000000008b63a       0x76 ./Core/Src/stm32f0xx_it.o
                                      0x87f4b (size before relaxing)
 .debug_str     0x000000000008b6b0     0x5783 ./Core/Src/syscalls.o
                                       0x8dd2 (size before relaxing)
 .debug_str     0x0000000000090e33       0x6b ./Core/Src/sysmem.o
                                       0x61a5 (size before relaxing)
 .debug_str     0x0000000000090e9e       0x5f ./Core/Src/system_stm32f0xx.o
                                      0x87f7d (size before relaxing)
 .debug_str     0x0000000000090efd       0x36 ./Core/Startup/startup_stm32f072rbtx.o
                                         0x67 (size before relaxing)
 .debug_str     0x0000000000090f33      0x44c ./Drivers/STM32F0xx_HAL_Driver/Src/stm32f0xx_hal.o
                                      0x884e7 (size before relaxing)
 .debug_str     0x000000000009137f      0x1fa ./Drivers/STM32F0xx_HAL_Driver/Src/stm32f0xx_hal_cortex.o
                                      0x8839f (size before relaxing)
 .debug_str     0x0000000000091579      0x213 ./Drivers/STM32F0xx_HAL_Driver/Src/stm32f0xx_hal_gpio.o
                                      0x88219 (size before relaxing)
 .debug_str     0x000000000009178c      0x240 ./Drivers/STM32F0xx_HAL_Driver/Src/stm32f0xx_hal_rcc.o
                                      0x88392 (size before relaxing)
 .debug_str     0x00000000000919cc      0x2db ./Drivers/STM32F0xx_HAL_Driver/Src/stm32f0xx_hal_rcc_ex.o
                                      0x8836f (size before relaxing)
 .debug_str     0x0000000000091ca7      0x577 ./Drivers/STM32F0xx_HAL_Driver/Src/stm32f0xx_hal_spi.o
                                      0x888bc (size before relaxing)
 .debug_str     0x000000000009221e      0x14e ./Drivers/Wiznet_Driver/Ethernet/W5500/w5500.o
                                       0x68ad (size before relaxing)
 .debug_str     0x000000000009236c      0x3e2 ./Drivers/Wiznet_Driver/Ethernet/socket.o
                                       0x6f1d (size before relaxing)
 .debug_str     0x000000000009274e      0x4f4 ./Drivers/Wiznet_Driver/Ethernet/wizchip_conf.o
                                       0x7125 (size before relaxing)

.comment        0x0000000000000000       0x53
 .comment       0x0000000000000000       0x53 ./Core/Src/main.o
                                         0x54 (size before relaxing)
 .comment       0x0000000000000053       0x54 ./Core/Src/ping.o
 .comment       0x0000000000000053       0x54 ./Core/Src/stm32f0xx_hal_msp.o
 .comment       0x0000000000000053       0x54 ./Core/Src/stm32f0xx_it.o
 .comment       0x0000000000000053       0x54 ./Core/Src/syscalls.o
 .comment       0x0000000000000053       0x54 ./Core/Src/sysmem.o
 .comment       0x0000000000000053       0x54 ./Core/Src/system_stm32f0xx.o
 .comment       0x0000000000000053       0x54 ./Drivers/STM32F0xx_HAL_Driver/Src/stm32f0xx_hal.o
 .comment       0x0000000000000053       0x54 ./Drivers/STM32F0xx_HAL_Driver/Src/stm32f0xx_hal_cortex.o
 .comment       0x0000000000000053       0x54 ./Drivers/STM32F0xx_HAL_Driver/Src/stm32f0xx_hal_gpio.o
 .comment       0x0000000000000053       0x54 ./Drivers/STM32F0xx_HAL_Driver/Src/stm32f0xx_hal_rcc.o