wizchip_conf.c:69:12:wizchip_cris_enter	8	static
wizchip_conf.c:77:12:wizchip_cris_exit	8	static
wizchip_conf.c:86:6:wizchip_cs_select	8	static
wizchip_conf.c:94:6:wizchip_cs_deselect	8	static
wizchip_conf.c:103:10:wizchip_bus_readdata	16	static
wizchip_conf.c:112:10:wizchip_bus_writedata	16	static
wizchip_conf.c:120:9:wizchip_spi_readbyte	8	static
wizchip_conf.c:128:10:wizchip_spi_writebyte	16	static
wizchip_conf.c:136:10:wizchip_spi_readburst	16	static
wizchip_conf.c:144:10:wizchip_spi_writeburst	16	static
wizchip_conf.c:196:6:reg_wizchip_cris_cbfunc	16	static
wizchip_conf.c:210:6:reg_wizchip_cs_cbfunc	16	static
wizchip_conf.c:226:6:reg_wizchip_bus_cbfunc	16	static
wizchip_conf.c:253:6:reg_wizchip_spi_cbfunc	16	static
wizchip_conf.c:270:6:reg_wizchip_spiburst_cbfunc	16	static
wizchip_conf.c:286:8:ctlwizchip	40	static
wizchip_conf.c:368:8:ctlnetwork	16	static
wizchip_conf.c:396:6:wizchip_sw_reset	48	static
wizchip_conf.c:410:8:wizchip_init	32	static
wizchip_conf.c:446:6:wizchip_clrinterrupt	32	static
wizchip_conf.c:454:11:wizchip_getinterrupt	24	static
wizchip_conf.c:466:6:wizchip_setinterruptmask	32	static
wizchip_conf.c:474:11:wizchip_getinterruptmask	24	static
wizchip_conf.c:486:8:wizphy_getphylink	16	static
wizchip_conf.c:494:8:wizphy_getphypmode	16	static
wizchip_conf.c:506:6:wizphy_reset	24	static
wizchip_conf.c:516:6:wizphy_setphyconf	24	static
wizchip_conf.c:546:6:wizphy_getphyconf	32	static
wizchip_conf.c:585:6:wizphy_getphystat	32	static
wizchip_conf.c:592:8:wizphy_setphypmode	32	static
wizchip_conf.c:618:6:wizchip_setnetinfo	16	static
wizchip_conf.c:631:6:wizchip_getnetinfo	16	static
wizchip_conf.c:644:8:wizchip_setnetmode	32	static
wizchip_conf.c:654:14:wizchip_getnetmode	8	static
wizchip_conf.c:659:6:wizchip_settimeout	16	static
wizchip_conf.c:665:6:wizchip_gettimeout	24	static
